Archive member included to satisfy reference by file (symbol)

c:/program files (x86)/atmel/studio/7.0/toolchain/avr8/avr8-gnu-toolchain/bin/../lib/gcc/avr/5.4.0/../../../../avr/lib/avr5\libm.a(addsf3.o)
                              HAL/Ultrasonic/ultrasonic.o (__subsf3)
c:/program files (x86)/atmel/studio/7.0/toolchain/avr8/avr8-gnu-toolchain/bin/../lib/gcc/avr/5.4.0/../../../../avr/lib/avr5\libm.a(addsf3x.o)
                              c:/program files (x86)/atmel/studio/7.0/toolchain/avr8/avr8-gnu-toolchain/bin/../lib/gcc/avr/5.4.0/../../../../avr/lib/avr5\libm.a(addsf3.o) (__addsf3x)
c:/program files (x86)/atmel/studio/7.0/toolchain/avr8/avr8-gnu-toolchain/bin/../lib/gcc/avr/5.4.0/../../../../avr/lib/avr5\libm.a(divsf3.o)
                              HAL/Ultrasonic/ultrasonic.o (__divsf3)
c:/program files (x86)/atmel/studio/7.0/toolchain/avr8/avr8-gnu-toolchain/bin/../lib/gcc/avr/5.4.0/../../../../avr/lib/avr5\libm.a(divsf3x.o)
                              c:/program files (x86)/atmel/studio/7.0/toolchain/avr8/avr8-gnu-toolchain/bin/../lib/gcc/avr/5.4.0/../../../../avr/lib/avr5\libm.a(divsf3.o) (__divsf3x)
c:/program files (x86)/atmel/studio/7.0/toolchain/avr8/avr8-gnu-toolchain/bin/../lib/gcc/avr/5.4.0/../../../../avr/lib/avr5\libm.a(fixunssfsi.o)
                              APP/app.o (__fixunssfsi)
c:/program files (x86)/atmel/studio/7.0/toolchain/avr8/avr8-gnu-toolchain/bin/../lib/gcc/avr/5.4.0/../../../../avr/lib/avr5\libm.a(floatsisf.o)
                              HAL/Ultrasonic/ultrasonic.o (__floatunsisf)
c:/program files (x86)/atmel/studio/7.0/toolchain/avr8/avr8-gnu-toolchain/bin/../lib/gcc/avr/5.4.0/../../../../avr/lib/avr5\libm.a(fp_inf.o)
                              c:/program files (x86)/atmel/studio/7.0/toolchain/avr8/avr8-gnu-toolchain/bin/../lib/gcc/avr/5.4.0/../../../../avr/lib/avr5\libm.a(addsf3x.o) (__fp_inf)
c:/program files (x86)/atmel/studio/7.0/toolchain/avr8/avr8-gnu-toolchain/bin/../lib/gcc/avr/5.4.0/../../../../avr/lib/avr5\libm.a(fp_nan.o)
                              c:/program files (x86)/atmel/studio/7.0/toolchain/avr8/avr8-gnu-toolchain/bin/../lib/gcc/avr/5.4.0/../../../../avr/lib/avr5\libm.a(addsf3x.o) (__fp_nan)
c:/program files (x86)/atmel/studio/7.0/toolchain/avr8/avr8-gnu-toolchain/bin/../lib/gcc/avr/5.4.0/../../../../avr/lib/avr5\libm.a(fp_pscA.o)
                              c:/program files (x86)/atmel/studio/7.0/toolchain/avr8/avr8-gnu-toolchain/bin/../lib/gcc/avr/5.4.0/../../../../avr/lib/avr5\libm.a(addsf3x.o) (__fp_pscA)
c:/program files (x86)/atmel/studio/7.0/toolchain/avr8/avr8-gnu-toolchain/bin/../lib/gcc/avr/5.4.0/../../../../avr/lib/avr5\libm.a(fp_pscB.o)
                              c:/program files (x86)/atmel/studio/7.0/toolchain/avr8/avr8-gnu-toolchain/bin/../lib/gcc/avr/5.4.0/../../../../avr/lib/avr5\libm.a(addsf3x.o) (__fp_pscB)
c:/program files (x86)/atmel/studio/7.0/toolchain/avr8/avr8-gnu-toolchain/bin/../lib/gcc/avr/5.4.0/../../../../avr/lib/avr5\libm.a(fp_round.o)
                              c:/program files (x86)/atmel/studio/7.0/toolchain/avr8/avr8-gnu-toolchain/bin/../lib/gcc/avr/5.4.0/../../../../avr/lib/avr5\libm.a(addsf3.o) (__fp_round)
c:/program files (x86)/atmel/studio/7.0/toolchain/avr8/avr8-gnu-toolchain/bin/../lib/gcc/avr/5.4.0/../../../../avr/lib/avr5\libm.a(fp_split3.o)
                              c:/program files (x86)/atmel/studio/7.0/toolchain/avr8/avr8-gnu-toolchain/bin/../lib/gcc/avr/5.4.0/../../../../avr/lib/avr5\libm.a(addsf3x.o) (__fp_split3)
c:/program files (x86)/atmel/studio/7.0/toolchain/avr8/avr8-gnu-toolchain/bin/../lib/gcc/avr/5.4.0/../../../../avr/lib/avr5\libm.a(fp_zero.o)
                              c:/program files (x86)/atmel/studio/7.0/toolchain/avr8/avr8-gnu-toolchain/bin/../lib/gcc/avr/5.4.0/../../../../avr/lib/avr5\libm.a(addsf3x.o) (__fp_zero)
c:/program files (x86)/atmel/studio/7.0/toolchain/avr8/avr8-gnu-toolchain/bin/../lib/gcc/avr/5.4.0/avr5\libgcc.a(_exit.o)
                              C:/Program Files (x86)/Atmel/Studio/7.0/Packs/atmel/ATmega_DFP/1.6.364/gcc/dev/atmega32/avr5/crtatmega32.o (exit)
c:/program files (x86)/atmel/studio/7.0/toolchain/avr8/avr8-gnu-toolchain/bin/../lib/gcc/avr/5.4.0/avr5\libgcc.a(_tablejump2.o)
                              MCAL/timer/timer.o (__tablejump2__)
c:/program files (x86)/atmel/studio/7.0/toolchain/avr8/avr8-gnu-toolchain/bin/../lib/gcc/avr/5.4.0/avr5\libgcc.a(_copy_data.o)
                              HAL/button/button.o (__do_copy_data)
c:/program files (x86)/atmel/studio/7.0/toolchain/avr8/avr8-gnu-toolchain/bin/../lib/gcc/avr/5.4.0/avr5\libgcc.a(_clear_bss.o)
                              APP/app.o (__do_clear_bss)
c:/program files (x86)/atmel/studio/7.0/toolchain/avr8/avr8-gnu-toolchain/bin/../lib/gcc/avr/5.4.0/../../../../avr/lib/avr5\libc.a(memcpy.o)
                              HAL/lcd/lcd.o (memcpy)
c:/program files (x86)/atmel/studio/7.0/toolchain/avr8/avr8-gnu-toolchain/bin/../lib/gcc/avr/5.4.0/../../../../avr/lib/avr5\libc.a(itoa_ncheck.o)
                              HAL/lcd/lcd.o (__itoa_ncheck)
c:/program files (x86)/atmel/studio/7.0/toolchain/avr8/avr8-gnu-toolchain/bin/../lib/gcc/avr/5.4.0/../../../../avr/lib/avr5\libc.a(utoa_ncheck.o)
                              c:/program files (x86)/atmel/studio/7.0/toolchain/avr8/avr8-gnu-toolchain/bin/../lib/gcc/avr/5.4.0/../../../../avr/lib/avr5\libc.a(itoa_ncheck.o) (__utoa_common)
c:/program files (x86)/atmel/studio/7.0/toolchain/avr8/avr8-gnu-toolchain/bin/../lib/gcc/avr/5.4.0/../../../../avr/lib/avr5\libc.a(strrev.o)
                              c:/program files (x86)/atmel/studio/7.0/toolchain/avr8/avr8-gnu-toolchain/bin/../lib/gcc/avr/5.4.0/../../../../avr/lib/avr5\libc.a(utoa_ncheck.o) (strrev)

Allocating common symbols
Common symbol       size              file

g_v_u8_cap          0x1               HAL/Ultrasonic/ultrasonic.o
st_gs_lcdConfig     0x17              HAL/lcd/lcd.o
global_f64Dist      0x4               APP/app.o
g_v_u16_ovf         0x4               HAL/Ultrasonic/ultrasonic.o

Discarded input sections

 .data          0x00000000        0x0 C:/Program Files (x86)/Atmel/Studio/7.0/Packs/atmel/ATmega_DFP/1.6.364/gcc/dev/atmega32/avr5/crtatmega32.o
 .bss           0x00000000        0x0 C:/Program Files (x86)/Atmel/Studio/7.0/Packs/atmel/ATmega_DFP/1.6.364/gcc/dev/atmega32/avr5/crtatmega32.o
 .text          0x00000000        0x0 APP/app.o
 .data          0x00000000        0x0 APP/app.o
 .bss           0x00000000        0x0 APP/app.o
 .text          0x00000000        0x0 HAL/button/button.o
 .data          0x00000000        0x0 HAL/button/button.o
 .bss           0x00000000        0x0 HAL/button/button.o
 .text.vidPrePushState
                0x00000000       0x72 HAL/button/button.o
 .text.vidPushState
                0x00000000       0x76 HAL/button/button.o
 .text.vidPreHoldState
                0x00000000       0x76 HAL/button/button.o
 .text.vidHoldState
                0x00000000       0x5e HAL/button/button.o
 .text.vidPreReleaseState
                0x00000000       0x7a HAL/button/button.o
 .text.vidReleaseState
                0x00000000       0x5a HAL/button/button.o
 .text.vidUpdateBtnState
                0x00000000       0x5a HAL/button/button.o
 .text.BUTTON_mainTask
                0x00000000       0x16 HAL/button/button.o
 .text.BUTTON_init
                0x00000000       0x48 HAL/button/button.o
 .text.BUTTON_getState
                0x00000000       0x22 HAL/button/button.o
 .bss.st_gs_strBtnInfo
                0x00000000        0xa HAL/button/button.o
 .rodata.st_gc_btnConfig
                0x00000000        0x5 HAL/button/button.o
 .debug_info    0x00000000      0x4ee HAL/button/button.o
 .debug_abbrev  0x00000000      0x173 HAL/button/button.o
 .debug_loc     0x00000000      0x5bb HAL/button/button.o
 .debug_aranges
                0x00000000       0x68 HAL/button/button.o
 .debug_ranges  0x00000000       0x58 HAL/button/button.o
 .debug_line    0x00000000      0x2d6 HAL/button/button.o
 .debug_str     0x00000000      0x379 HAL/button/button.o
 .comment       0x00000000       0x31 HAL/button/button.o
 .debug_frame   0x00000000      0x174 HAL/button/button.o
 .text          0x00000000        0x0 HAL/keypad/keypad and LCD intergration.o
 .data          0x00000000        0x0 HAL/keypad/keypad and LCD intergration.o
 .bss           0x00000000        0x0 HAL/keypad/keypad and LCD intergration.o
 .debug_line    0x00000000        0x0 HAL/keypad/keypad and LCD intergration.o
 .debug_str     0x00000000      0x12f HAL/keypad/keypad and LCD intergration.o
 .comment       0x00000000       0x31 HAL/keypad/keypad and LCD intergration.o
 .text          0x00000000        0x0 HAL/keypad/keypad.o
 .data          0x00000000        0x0 HAL/keypad/keypad.o
 .bss           0x00000000        0x0 HAL/keypad/keypad.o
 .text.KEYPAD_init
                0x00000000       0x7a HAL/keypad/keypad.o
 .text.KEYPAD_read
                0x00000000       0xfa HAL/keypad/keypad.o
 .rodata.keypad
                0x00000000        0xc HAL/keypad/keypad.o
 .debug_info    0x00000000      0x3a4 HAL/keypad/keypad.o
 .debug_abbrev  0x00000000      0x125 HAL/keypad/keypad.o
 .debug_loc     0x00000000      0x1c7 HAL/keypad/keypad.o
 .debug_aranges
                0x00000000       0x28 HAL/keypad/keypad.o
 .debug_ranges  0x00000000       0x18 HAL/keypad/keypad.o
 .debug_line    0x00000000      0x1d1 HAL/keypad/keypad.o
 .debug_str     0x00000000      0x2c7 HAL/keypad/keypad.o
 .comment       0x00000000       0x31 HAL/keypad/keypad.o
 .debug_frame   0x00000000       0x6c HAL/keypad/keypad.o
 .text          0x00000000        0x0 HAL/lcd/lcd.o
 .data          0x00000000        0x0 HAL/lcd/lcd.o
 .bss           0x00000000        0x0 HAL/lcd/lcd.o
 .text.LCD_clear
                0x00000000        0xc HAL/lcd/lcd.o
 .rodata        0x00000000        0x8 HAL/lcd/lcd.o
 .text.LCD_writeSpChar
                0x00000000       0x88 HAL/lcd/lcd.o
 .text          0x00000000        0x0 HAL/lcd/lcd_cfg.o
 .data          0x00000000        0x0 HAL/lcd/lcd_cfg.o
 .bss           0x00000000        0x0 HAL/lcd/lcd_cfg.o
 .text          0x00000000        0x0 HAL/lcd/lcd_test.o
 .data          0x00000000        0x0 HAL/lcd/lcd_test.o
 .bss           0x00000000        0x0 HAL/lcd/lcd_test.o
 .debug_line    0x00000000        0x0 HAL/lcd/lcd_test.o
 .debug_str     0x00000000      0x119 HAL/lcd/lcd_test.o
 .comment       0x00000000       0x31 HAL/lcd/lcd_test.o
 .text          0x00000000        0x0 HAL/motor/motor.o
 .data          0x00000000        0x0 HAL/motor/motor.o
 .bss           0x00000000        0x0 HAL/motor/motor.o
 .text.MOTOR_INIT
                0x00000000       0x30 HAL/motor/motor.o
 .text.MOTOR_FORWARD
                0x00000000       0x30 HAL/motor/motor.o
 .text.MOTOR_BACKWARD
                0x00000000       0x30 HAL/motor/motor.o
 .text.MOTOR_STOP
                0x00000000       0x30 HAL/motor/motor.o
 .debug_info    0x00000000      0x2cf HAL/motor/motor.o
 .debug_abbrev  0x00000000       0xd7 HAL/motor/motor.o
 .debug_loc     0x00000000      0x194 HAL/motor/motor.o
 .debug_aranges
                0x00000000       0x38 HAL/motor/motor.o
 .debug_ranges  0x00000000       0x28 HAL/motor/motor.o
 .debug_line    0x00000000      0x168 HAL/motor/motor.o
 .debug_str     0x00000000      0x291 HAL/motor/motor.o
 .comment       0x00000000       0x31 HAL/motor/motor.o
 .debug_frame   0x00000000       0x84 HAL/motor/motor.o
 .text          0x00000000        0x0 HAL/timer_manager/timer_manager.o
 .data          0x00000000        0x0 HAL/timer_manager/timer_manager.o
 .bss           0x00000000        0x0 HAL/timer_manager/timer_manager.o
 .text.TIMER_Manager_init
                0x00000000       0x40 HAL/timer_manager/timer_manager.o
 .text.TIMER_Manager_start
                0x00000000       0x24 HAL/timer_manager/timer_manager.o
 .text.TIMER_Manager_stop
                0x00000000        0xe HAL/timer_manager/timer_manager.o
 .text.TIMER_Manager_reset
                0x00000000       0x24 HAL/timer_manager/timer_manager.o
 .debug_info    0x00000000      0x29d HAL/timer_manager/timer_manager.o
 .debug_abbrev  0x00000000       0xf1 HAL/timer_manager/timer_manager.o
 .debug_loc     0x00000000      0x2e5 HAL/timer_manager/timer_manager.o
 .debug_aranges
                0x00000000       0x38 HAL/timer_manager/timer_manager.o
 .debug_ranges  0x00000000       0x28 HAL/timer_manager/timer_manager.o
 .debug_line    0x00000000      0x1b5 HAL/timer_manager/timer_manager.o
 .debug_str     0x00000000      0x30b HAL/timer_manager/timer_manager.o
 .comment       0x00000000       0x31 HAL/timer_manager/timer_manager.o
 .debug_frame   0x00000000       0x64 HAL/timer_manager/timer_manager.o
 .text          0x00000000        0x0 HAL/Ultrasonic/ultrasonic.o
 .data          0x00000000        0x0 HAL/Ultrasonic/ultrasonic.o
 .bss           0x00000000        0x0 HAL/Ultrasonic/ultrasonic.o
 .text          0x00000000        0x0 HAL/Ultrasonic/ultrasonic_cfg.o
 .data          0x00000000        0x0 HAL/Ultrasonic/ultrasonic_cfg.o
 .bss           0x00000000        0x0 HAL/Ultrasonic/ultrasonic_cfg.o
 .debug_line    0x00000000        0x0 HAL/Ultrasonic/ultrasonic_cfg.o
 .debug_str     0x00000000      0x126 HAL/Ultrasonic/ultrasonic_cfg.o
 .comment       0x00000000       0x31 HAL/Ultrasonic/ultrasonic_cfg.o
 .text          0x00000000        0x0 main.o
 .data          0x00000000        0x0 main.o
 .bss           0x00000000        0x0 main.o
 .text          0x00000000        0x0 MCAL/dio/dio.o
 .data          0x00000000        0x0 MCAL/dio/dio.o
 .bss           0x00000000        0x0 MCAL/dio/dio.o
 .text.DIO_readPIN
                0x00000000       0xd6 MCAL/dio/dio.o
 .text          0x00000000        0x0 MCAL/ExtInt/EXTINT_Source.o
 .data          0x00000000        0x0 MCAL/ExtInt/EXTINT_Source.o
 .bss           0x00000000        0x0 MCAL/ExtInt/EXTINT_Source.o
 .text.MEXTINT_vidCallBackFuncInt1
                0x00000000        0xa MCAL/ExtInt/EXTINT_Source.o
 .text.MEXTINT_vidWaitFlag
                0x00000000        0x8 MCAL/ExtInt/EXTINT_Source.o
 .text.MEXTINT_vidDisableInterrupt
                0x00000000        0x8 MCAL/ExtInt/EXTINT_Source.o
 .text.MEXTINT_vidEnableInterrupt
                0x00000000        0xe MCAL/ExtInt/EXTINT_Source.o
 .text          0x00000000        0x0 MCAL/timer/timer.o
 .data          0x00000000        0x0 MCAL/timer/timer.o
 .bss           0x00000000        0x0 MCAL/timer/timer.o
 .text.TIMER_init
                0x00000000      0x112 MCAL/timer/timer.o
 .text.TIMER_start
                0x00000000      0x298 MCAL/timer/timer.o
 .progmem.gcc_sw_table.TIMER_start
                0x00000000       0x38 MCAL/timer/timer.o
 .text.TIMER_stop
                0x00000000       0x5a MCAL/timer/timer.o
 .text.TIMER_reset
                0x00000000       0x50 MCAL/timer/timer.o
 .text.TIMER_setCallBack
                0x00000000       0x3a MCAL/timer/timer.o
 .text.vidTimer2_OvfIrqDisable
                0x00000000        0xa MCAL/timer/timer.o
 .text.u8Timer2_setTime_ms
                0x00000000       0xfa MCAL/timer/timer.o
 .rodata.prescaller_map
                0x00000000        0xc MCAL/timer/timer.o
 .bss.preload   0x00000000        0x2 MCAL/timer/timer.o
 .text          0x00000000        0x0 c:/program files (x86)/atmel/studio/7.0/toolchain/avr8/avr8-gnu-toolchain/bin/../lib/gcc/avr/5.4.0/../../../../avr/lib/avr5\libm.a(addsf3.o)
 .data          0x00000000        0x0 c:/program files (x86)/atmel/studio/7.0/toolchain/avr8/avr8-gnu-toolchain/bin/../lib/gcc/avr/5.4.0/../../../../avr/lib/avr5\libm.a(addsf3.o)
 .bss           0x00000000        0x0 c:/program files (x86)/atmel/studio/7.0/toolchain/avr8/avr8-gnu-toolchain/bin/../lib/gcc/avr/5.4.0/../../../../avr/lib/avr5\libm.a(addsf3.o)
 .text          0x00000000        0x0 c:/program files (x86)/atmel/studio/7.0/toolchain/avr8/avr8-gnu-toolchain/bin/../lib/gcc/avr/5.4.0/../../../../avr/lib/avr5\libm.a(addsf3x.o)
 .data          0x00000000        0x0 c:/program files (x86)/atmel/studio/7.0/toolchain/avr8/avr8-gnu-toolchain/bin/../lib/gcc/avr/5.4.0/../../../../avr/lib/avr5\libm.a(addsf3x.o)
 .bss           0x00000000        0x0 c:/program files (x86)/atmel/studio/7.0/toolchain/avr8/avr8-gnu-toolchain/bin/../lib/gcc/avr/5.4.0/../../../../avr/lib/avr5\libm.a(addsf3x.o)
 .text          0x00000000        0x0 c:/program files (x86)/atmel/studio/7.0/toolchain/avr8/avr8-gnu-toolchain/bin/../lib/gcc/avr/5.4.0/../../../../avr/lib/avr5\libm.a(divsf3.o)
 .data          0x00000000        0x0 c:/program files (x86)/atmel/studio/7.0/toolchain/avr8/avr8-gnu-toolchain/bin/../lib/gcc/avr/5.4.0/../../../../avr/lib/avr5\libm.a(divsf3.o)
 .bss           0x00000000        0x0 c:/program files (x86)/atmel/studio/7.0/toolchain/avr8/avr8-gnu-toolchain/bin/../lib/gcc/avr/5.4.0/../../../../avr/lib/avr5\libm.a(divsf3.o)
 .text          0x00000000        0x0 c:/program files (x86)/atmel/studio/7.0/toolchain/avr8/avr8-gnu-toolchain/bin/../lib/gcc/avr/5.4.0/../../../../avr/lib/avr5\libm.a(divsf3x.o)
 .data          0x00000000        0x0 c:/program files (x86)/atmel/studio/7.0/toolchain/avr8/avr8-gnu-toolchain/bin/../lib/gcc/avr/5.4.0/../../../../avr/lib/avr5\libm.a(divsf3x.o)
 .bss           0x00000000        0x0 c:/program files (x86)/atmel/studio/7.0/toolchain/avr8/avr8-gnu-toolchain/bin/../lib/gcc/avr/5.4.0/../../../../avr/lib/avr5\libm.a(divsf3x.o)
 .text          0x00000000        0x0 c:/program files (x86)/atmel/studio/7.0/toolchain/avr8/avr8-gnu-toolchain/bin/../lib/gcc/avr/5.4.0/../../../../avr/lib/avr5\libm.a(fixunssfsi.o)
 .data          0x00000000        0x0 c:/program files (x86)/atmel/studio/7.0/toolchain/avr8/avr8-gnu-toolchain/bin/../lib/gcc/avr/5.4.0/../../../../avr/lib/avr5\libm.a(fixunssfsi.o)
 .bss           0x00000000        0x0 c:/program files (x86)/atmel/studio/7.0/toolchain/avr8/avr8-gnu-toolchain/bin/../lib/gcc/avr/5.4.0/../../../../avr/lib/avr5\libm.a(fixunssfsi.o)
 .text          0x00000000        0x0 c:/program files (x86)/atmel/studio/7.0/toolchain/avr8/avr8-gnu-toolchain/bin/../lib/gcc/avr/5.4.0/../../../../avr/lib/avr5\libm.a(floatsisf.o)
 .data          0x00000000        0x0 c:/program files (x86)/atmel/studio/7.0/toolchain/avr8/avr8-gnu-toolchain/bin/../lib/gcc/avr/5.4.0/../../../../avr/lib/avr5\libm.a(floatsisf.o)
 .bss           0x00000000        0x0 c:/program files (x86)/atmel/studio/7.0/toolchain/avr8/avr8-gnu-toolchain/bin/../lib/gcc/avr/5.4.0/../../../../avr/lib/avr5\libm.a(floatsisf.o)
 .text          0x00000000        0x0 c:/program files (x86)/atmel/studio/7.0/toolchain/avr8/avr8-gnu-toolchain/bin/../lib/gcc/avr/5.4.0/../../../../avr/lib/avr5\libm.a(fp_inf.o)
 .data          0x00000000        0x0 c:/program files (x86)/atmel/studio/7.0/toolchain/avr8/avr8-gnu-toolchain/bin/../lib/gcc/avr/5.4.0/../../../../avr/lib/avr5\libm.a(fp_inf.o)
 .bss           0x00000000        0x0 c:/program files (x86)/atmel/studio/7.0/toolchain/avr8/avr8-gnu-toolchain/bin/../lib/gcc/avr/5.4.0/../../../../avr/lib/avr5\libm.a(fp_inf.o)
 .text          0x00000000        0x0 c:/program files (x86)/atmel/studio/7.0/toolchain/avr8/avr8-gnu-toolchain/bin/../lib/gcc/avr/5.4.0/../../../../avr/lib/avr5\libm.a(fp_nan.o)
 .data          0x00000000        0x0 c:/program files (x86)/atmel/studio/7.0/toolchain/avr8/avr8-gnu-toolchain/bin/../lib/gcc/avr/5.4.0/../../../../avr/lib/avr5\libm.a(fp_nan.o)
 .bss           0x00000000        0x0 c:/program files (x86)/atmel/studio/7.0/toolchain/avr8/avr8-gnu-toolchain/bin/../lib/gcc/avr/5.4.0/../../../../avr/lib/avr5\libm.a(fp_nan.o)
 .text          0x00000000        0x0 c:/program files (x86)/atmel/studio/7.0/toolchain/avr8/avr8-gnu-toolchain/bin/../lib/gcc/avr/5.4.0/../../../../avr/lib/avr5\libm.a(fp_pscA.o)
 .data          0x00000000        0x0 c:/program files (x86)/atmel/studio/7.0/toolchain/avr8/avr8-gnu-toolchain/bin/../lib/gcc/avr/5.4.0/../../../../avr/lib/avr5\libm.a(fp_pscA.o)
 .bss           0x00000000        0x0 c:/program files (x86)/atmel/studio/7.0/toolchain/avr8/avr8-gnu-toolchain/bin/../lib/gcc/avr/5.4.0/../../../../avr/lib/avr5\libm.a(fp_pscA.o)
 .text          0x00000000        0x0 c:/program files (x86)/atmel/studio/7.0/toolchain/avr8/avr8-gnu-toolchain/bin/../lib/gcc/avr/5.4.0/../../../../avr/lib/avr5\libm.a(fp_pscB.o)
 .data          0x00000000        0x0 c:/program files (x86)/atmel/studio/7.0/toolchain/avr8/avr8-gnu-toolchain/bin/../lib/gcc/avr/5.4.0/../../../../avr/lib/avr5\libm.a(fp_pscB.o)
 .bss           0x00000000        0x0 c:/program files (x86)/atmel/studio/7.0/toolchain/avr8/avr8-gnu-toolchain/bin/../lib/gcc/avr/5.4.0/../../../../avr/lib/avr5\libm.a(fp_pscB.o)
 .text          0x00000000        0x0 c:/program files (x86)/atmel/studio/7.0/toolchain/avr8/avr8-gnu-toolchain/bin/../lib/gcc/avr/5.4.0/../../../../avr/lib/avr5\libm.a(fp_round.o)
 .data          0x00000000        0x0 c:/program files (x86)/atmel/studio/7.0/toolchain/avr8/avr8-gnu-toolchain/bin/../lib/gcc/avr/5.4.0/../../../../avr/lib/avr5\libm.a(fp_round.o)
 .bss           0x00000000        0x0 c:/program files (x86)/atmel/studio/7.0/toolchain/avr8/avr8-gnu-toolchain/bin/../lib/gcc/avr/5.4.0/../../../../avr/lib/avr5\libm.a(fp_round.o)
 .text          0x00000000        0x0 c:/program files (x86)/atmel/studio/7.0/toolchain/avr8/avr8-gnu-toolchain/bin/../lib/gcc/avr/5.4.0/../../../../avr/lib/avr5\libm.a(fp_split3.o)
 .data          0x00000000        0x0 c:/program files (x86)/atmel/studio/7.0/toolchain/avr8/avr8-gnu-toolchain/bin/../lib/gcc/avr/5.4.0/../../../../avr/lib/avr5\libm.a(fp_split3.o)
 .bss           0x00000000        0x0 c:/program files (x86)/atmel/studio/7.0/toolchain/avr8/avr8-gnu-toolchain/bin/../lib/gcc/avr/5.4.0/../../../../avr/lib/avr5\libm.a(fp_split3.o)
 .text          0x00000000        0x0 c:/program files (x86)/atmel/studio/7.0/toolchain/avr8/avr8-gnu-toolchain/bin/../lib/gcc/avr/5.4.0/../../../../avr/lib/avr5\libm.a(fp_zero.o)
 .data          0x00000000        0x0 c:/program files (x86)/atmel/studio/7.0/toolchain/avr8/avr8-gnu-toolchain/bin/../lib/gcc/avr/5.4.0/../../../../avr/lib/avr5\libm.a(fp_zero.o)
 .bss           0x00000000        0x0 c:/program files (x86)/atmel/studio/7.0/toolchain/avr8/avr8-gnu-toolchain/bin/../lib/gcc/avr/5.4.0/../../../../avr/lib/avr5\libm.a(fp_zero.o)
 .text          0x00000000        0x0 c:/program files (x86)/atmel/studio/7.0/toolchain/avr8/avr8-gnu-toolchain/bin/../lib/gcc/avr/5.4.0/avr5\libgcc.a(_exit.o)
 .data          0x00000000        0x0 c:/program files (x86)/atmel/studio/7.0/toolchain/avr8/avr8-gnu-toolchain/bin/../lib/gcc/avr/5.4.0/avr5\libgcc.a(_exit.o)
 .bss           0x00000000        0x0 c:/program files (x86)/atmel/studio/7.0/toolchain/avr8/avr8-gnu-toolchain/bin/../lib/gcc/avr/5.4.0/avr5\libgcc.a(_exit.o)
 .text.libgcc.mul
                0x00000000        0x0 c:/program files (x86)/atmel/studio/7.0/toolchain/avr8/avr8-gnu-toolchain/bin/../lib/gcc/avr/5.4.0/avr5\libgcc.a(_exit.o)
 .text.libgcc.div
                0x00000000        0x0 c:/program files (x86)/atmel/studio/7.0/toolchain/avr8/avr8-gnu-toolchain/bin/../lib/gcc/avr/5.4.0/avr5\libgcc.a(_exit.o)
 .text.libgcc   0x00000000        0x0 c:/program files (x86)/atmel/studio/7.0/toolchain/avr8/avr8-gnu-toolchain/bin/../lib/gcc/avr/5.4.0/avr5\libgcc.a(_exit.o)
 .text.libgcc.prologue
                0x00000000        0x0 c:/program files (x86)/atmel/studio/7.0/toolchain/avr8/avr8-gnu-toolchain/bin/../lib/gcc/avr/5.4.0/avr5\libgcc.a(_exit.o)
 .text.libgcc.builtins
                0x00000000        0x0 c:/program files (x86)/atmel/studio/7.0/toolchain/avr8/avr8-gnu-toolchain/bin/../lib/gcc/avr/5.4.0/avr5\libgcc.a(_exit.o)
 .text.libgcc.fmul
                0x00000000        0x0 c:/program files (x86)/atmel/studio/7.0/toolchain/avr8/avr8-gnu-toolchain/bin/../lib/gcc/avr/5.4.0/avr5\libgcc.a(_exit.o)
 .text.libgcc.fixed
                0x00000000        0x0 c:/program files (x86)/atmel/studio/7.0/toolchain/avr8/avr8-gnu-toolchain/bin/../lib/gcc/avr/5.4.0/avr5\libgcc.a(_exit.o)
 .text          0x00000000        0x0 c:/program files (x86)/atmel/studio/7.0/toolchain/avr8/avr8-gnu-toolchain/bin/../lib/gcc/avr/5.4.0/avr5\libgcc.a(_tablejump2.o)
 .data          0x00000000        0x0 c:/program files (x86)/atmel/studio/7.0/toolchain/avr8/avr8-gnu-toolchain/bin/../lib/gcc/avr/5.4.0/avr5\libgcc.a(_tablejump2.o)
 .bss           0x00000000        0x0 c:/program files (x86)/atmel/studio/7.0/toolchain/avr8/avr8-gnu-toolchain/bin/../lib/gcc/avr/5.4.0/avr5\libgcc.a(_tablejump2.o)
 .text.libgcc.mul
                0x00000000        0x0 c:/program files (x86)/atmel/studio/7.0/toolchain/avr8/avr8-gnu-toolchain/bin/../lib/gcc/avr/5.4.0/avr5\libgcc.a(_tablejump2.o)
 .text.libgcc.div
                0x00000000        0x0 c:/program files (x86)/atmel/studio/7.0/toolchain/avr8/avr8-gnu-toolchain/bin/../lib/gcc/avr/5.4.0/avr5\libgcc.a(_tablejump2.o)
 .text.libgcc   0x00000000        0xc c:/program files (x86)/atmel/studio/7.0/toolchain/avr8/avr8-gnu-toolchain/bin/../lib/gcc/avr/5.4.0/avr5\libgcc.a(_tablejump2.o)
 .text.libgcc.prologue
                0x00000000        0x0 c:/program files (x86)/atmel/studio/7.0/toolchain/avr8/avr8-gnu-toolchain/bin/../lib/gcc/avr/5.4.0/avr5\libgcc.a(_tablejump2.o)
 .text.libgcc.builtins
                0x00000000        0x0 c:/program files (x86)/atmel/studio/7.0/toolchain/avr8/avr8-gnu-toolchain/bin/../lib/gcc/avr/5.4.0/avr5\libgcc.a(_tablejump2.o)
 .text.libgcc.fmul
                0x00000000        0x0 c:/program files (x86)/atmel/studio/7.0/toolchain/avr8/avr8-gnu-toolchain/bin/../lib/gcc/avr/5.4.0/avr5\libgcc.a(_tablejump2.o)
 .text.libgcc.fixed
                0x00000000        0x0 c:/program files (x86)/atmel/studio/7.0/toolchain/avr8/avr8-gnu-toolchain/bin/../lib/gcc/avr/5.4.0/avr5\libgcc.a(_tablejump2.o)
 .text          0x00000000        0x0 c:/program files (x86)/atmel/studio/7.0/toolchain/avr8/avr8-gnu-toolchain/bin/../lib/gcc/avr/5.4.0/avr5\libgcc.a(_copy_data.o)
 .data          0x00000000        0x0 c:/program files (x86)/atmel/studio/7.0/toolchain/avr8/avr8-gnu-toolchain/bin/../lib/gcc/avr/5.4.0/avr5\libgcc.a(_copy_data.o)
 .bss           0x00000000        0x0 c:/program files (x86)/atmel/studio/7.0/toolchain/avr8/avr8-gnu-toolchain/bin/../lib/gcc/avr/5.4.0/avr5\libgcc.a(_copy_data.o)
 .text.libgcc.mul
                0x00000000        0x0 c:/program files (x86)/atmel/studio/7.0/toolchain/avr8/avr8-gnu-toolchain/bin/../lib/gcc/avr/5.4.0/avr5\libgcc.a(_copy_data.o)
 .text.libgcc.div
                0x00000000        0x0 c:/program files (x86)/atmel/studio/7.0/toolchain/avr8/avr8-gnu-toolchain/bin/../lib/gcc/avr/5.4.0/avr5\libgcc.a(_copy_data.o)
 .text.libgcc   0x00000000        0x0 c:/program files (x86)/atmel/studio/7.0/toolchain/avr8/avr8-gnu-toolchain/bin/../lib/gcc/avr/5.4.0/avr5\libgcc.a(_copy_data.o)
 .text.libgcc.prologue
                0x00000000        0x0 c:/program files (x86)/atmel/studio/7.0/toolchain/avr8/avr8-gnu-toolchain/bin/../lib/gcc/avr/5.4.0/avr5\libgcc.a(_copy_data.o)
 .text.libgcc.builtins
                0x00000000        0x0 c:/program files (x86)/atmel/studio/7.0/toolchain/avr8/avr8-gnu-toolchain/bin/../lib/gcc/avr/5.4.0/avr5\libgcc.a(_copy_data.o)
 .text.libgcc.fmul
                0x00000000        0x0 c:/program files (x86)/atmel/studio/7.0/toolchain/avr8/avr8-gnu-toolchain/bin/../lib/gcc/avr/5.4.0/avr5\libgcc.a(_copy_data.o)
 .text.libgcc.fixed
                0x00000000        0x0 c:/program files (x86)/atmel/studio/7.0/toolchain/avr8/avr8-gnu-toolchain/bin/../lib/gcc/avr/5.4.0/avr5\libgcc.a(_copy_data.o)
 .text          0x00000000        0x0 c:/program files (x86)/atmel/studio/7.0/toolchain/avr8/avr8-gnu-toolchain/bin/../lib/gcc/avr/5.4.0/avr5\libgcc.a(_clear_bss.o)
 .data          0x00000000        0x0 c:/program files (x86)/atmel/studio/7.0/toolchain/avr8/avr8-gnu-toolchain/bin/../lib/gcc/avr/5.4.0/avr5\libgcc.a(_clear_bss.o)
 .bss           0x00000000        0x0 c:/program files (x86)/atmel/studio/7.0/toolchain/avr8/avr8-gnu-toolchain/bin/../lib/gcc/avr/5.4.0/avr5\libgcc.a(_clear_bss.o)
 .text.libgcc.mul
                0x00000000        0x0 c:/program files (x86)/atmel/studio/7.0/toolchain/avr8/avr8-gnu-toolchain/bin/../lib/gcc/avr/5.4.0/avr5\libgcc.a(_clear_bss.o)
 .text.libgcc.div
                0x00000000        0x0 c:/program files (x86)/atmel/studio/7.0/toolchain/avr8/avr8-gnu-toolchain/bin/../lib/gcc/avr/5.4.0/avr5\libgcc.a(_clear_bss.o)
 .text.libgcc   0x00000000        0x0 c:/program files (x86)/atmel/studio/7.0/toolchain/avr8/avr8-gnu-toolchain/bin/../lib/gcc/avr/5.4.0/avr5\libgcc.a(_clear_bss.o)
 .text.libgcc.prologue
                0x00000000        0x0 c:/program files (x86)/atmel/studio/7.0/toolchain/avr8/avr8-gnu-toolchain/bin/../lib/gcc/avr/5.4.0/avr5\libgcc.a(_clear_bss.o)
 .text.libgcc.builtins
                0x00000000        0x0 c:/program files (x86)/atmel/studio/7.0/toolchain/avr8/avr8-gnu-toolchain/bin/../lib/gcc/avr/5.4.0/avr5\libgcc.a(_clear_bss.o)
 .text.libgcc.fmul
                0x00000000        0x0 c:/program files (x86)/atmel/studio/7.0/toolchain/avr8/avr8-gnu-toolchain/bin/../lib/gcc/avr/5.4.0/avr5\libgcc.a(_clear_bss.o)
 .text.libgcc.fixed
                0x00000000        0x0 c:/program files (x86)/atmel/studio/7.0/toolchain/avr8/avr8-gnu-toolchain/bin/../lib/gcc/avr/5.4.0/avr5\libgcc.a(_clear_bss.o)
 .text          0x00000000        0x0 c:/program files (x86)/atmel/studio/7.0/toolchain/avr8/avr8-gnu-toolchain/bin/../lib/gcc/avr/5.4.0/../../../../avr/lib/avr5\libc.a(memcpy.o)
 .data          0x00000000        0x0 c:/program files (x86)/atmel/studio/7.0/toolchain/avr8/avr8-gnu-toolchain/bin/../lib/gcc/avr/5.4.0/../../../../avr/lib/avr5\libc.a(memcpy.o)
 .bss           0x00000000        0x0 c:/program files (x86)/atmel/studio/7.0/toolchain/avr8/avr8-gnu-toolchain/bin/../lib/gcc/avr/5.4.0/../../../../avr/lib/avr5\libc.a(memcpy.o)
 .text          0x00000000        0x0 c:/program files (x86)/atmel/studio/7.0/toolchain/avr8/avr8-gnu-toolchain/bin/../lib/gcc/avr/5.4.0/../../../../avr/lib/avr5\libc.a(itoa_ncheck.o)
 .data          0x00000000        0x0 c:/program files (x86)/atmel/studio/7.0/toolchain/avr8/avr8-gnu-toolchain/bin/../lib/gcc/avr/5.4.0/../../../../avr/lib/avr5\libc.a(itoa_ncheck.o)
 .bss           0x00000000        0x0 c:/program files (x86)/atmel/studio/7.0/toolchain/avr8/avr8-gnu-toolchain/bin/../lib/gcc/avr/5.4.0/../../../../avr/lib/avr5\libc.a(itoa_ncheck.o)
 .text          0x00000000        0x0 c:/program files (x86)/atmel/studio/7.0/toolchain/avr8/avr8-gnu-toolchain/bin/../lib/gcc/avr/5.4.0/../../../../avr/lib/avr5\libc.a(utoa_ncheck.o)
 .data          0x00000000        0x0 c:/program files (x86)/atmel/studio/7.0/toolchain/avr8/avr8-gnu-toolchain/bin/../lib/gcc/avr/5.4.0/../../../../avr/lib/avr5\libc.a(utoa_ncheck.o)
 .bss           0x00000000        0x0 c:/program files (x86)/atmel/studio/7.0/toolchain/avr8/avr8-gnu-toolchain/bin/../lib/gcc/avr/5.4.0/../../../../avr/lib/avr5\libc.a(utoa_ncheck.o)
 .text          0x00000000        0x0 c:/program files (x86)/atmel/studio/7.0/toolchain/avr8/avr8-gnu-toolchain/bin/../lib/gcc/avr/5.4.0/../../../../avr/lib/avr5\libc.a(strrev.o)
 .data          0x00000000        0x0 c:/program files (x86)/atmel/studio/7.0/toolchain/avr8/avr8-gnu-toolchain/bin/../lib/gcc/avr/5.4.0/../../../../avr/lib/avr5\libc.a(strrev.o)
 .bss           0x00000000        0x0 c:/program files (x86)/atmel/studio/7.0/toolchain/avr8/avr8-gnu-toolchain/bin/../lib/gcc/avr/5.4.0/../../../../avr/lib/avr5\libc.a(strrev.o)

Memory Configuration

Name             Origin             Length             Attributes
text             0x00000000         0x00008000         xr
data             0x00800060         0x00000800         rw !x
eeprom           0x00810000         0x00000400         rw !x
fuse             0x00820000         0x00000002         rw !x
lock             0x00830000         0x00000400         rw !x
signature        0x00840000         0x00000400         rw !x
user_signatures  0x00850000         0x00000400         rw !x
*default*        0x00000000         0xffffffff

Linker script and memory map

LOAD C:/Program Files (x86)/Atmel/Studio/7.0/Packs/atmel/ATmega_DFP/1.6.364/gcc/dev/atmega32/avr5/crtatmega32.o
LOAD APP/app.o
LOAD HAL/button/button.o
LOAD HAL/keypad/keypad and LCD intergration.o
LOAD HAL/keypad/keypad.o
LOAD HAL/lcd/lcd.o
LOAD HAL/lcd/lcd_cfg.o
LOAD HAL/lcd/lcd_test.o
LOAD HAL/motor/motor.o
LOAD HAL/timer_manager/timer_manager.o
LOAD HAL/Ultrasonic/ultrasonic.o
LOAD HAL/Ultrasonic/ultrasonic_cfg.o
LOAD main.o
LOAD MCAL/dio/dio.o
LOAD MCAL/ExtInt/EXTINT_Source.o
LOAD MCAL/timer/timer.o
START GROUP
LOAD c:/program files (x86)/atmel/studio/7.0/toolchain/avr8/avr8-gnu-toolchain/bin/../lib/gcc/avr/5.4.0/../../../../avr/lib/avr5\libm.a
END GROUP
START GROUP
LOAD c:/program files (x86)/atmel/studio/7.0/toolchain/avr8/avr8-gnu-toolchain/bin/../lib/gcc/avr/5.4.0/avr5\libgcc.a
LOAD c:/program files (x86)/atmel/studio/7.0/toolchain/avr8/avr8-gnu-toolchain/bin/../lib/gcc/avr/5.4.0/../../../../avr/lib/avr5\libm.a
LOAD c:/program files (x86)/atmel/studio/7.0/toolchain/avr8/avr8-gnu-toolchain/bin/../lib/gcc/avr/5.4.0/../../../../avr/lib/avr5\libc.a
LOAD C:/Program Files (x86)/Atmel/Studio/7.0/Packs/atmel/ATmega_DFP/1.6.364/gcc/dev/atmega32/avr5\libatmega32.a
END GROUP
                0x00000000                __TEXT_REGION_ORIGIN__ = DEFINED (__TEXT_REGION_ORIGIN__)?__TEXT_REGION_ORIGIN__:0x0
                [0x00800060]                __DATA_REGION_ORIGIN__ = DEFINED (__DATA_REGION_ORIGIN__)?__DATA_REGION_ORIGIN__:0x800060
                [0x00008000]                __TEXT_REGION_LENGTH__ = DEFINED (__TEXT_REGION_LENGTH__)?__TEXT_REGION_LENGTH__:0x20000
                [0x00000800]                __DATA_REGION_LENGTH__ = DEFINED (__DATA_REGION_LENGTH__)?__DATA_REGION_LENGTH__:0xffa0
                [0x00000400]                __EEPROM_REGION_LENGTH__ = DEFINED (__EEPROM_REGION_LENGTH__)?__EEPROM_REGION_LENGTH__:0x10000
                [0x00000002]                __FUSE_REGION_LENGTH__ = DEFINED (__FUSE_REGION_LENGTH__)?__FUSE_REGION_LENGTH__:0x400
                0x00000400                __LOCK_REGION_LENGTH__ = DEFINED (__LOCK_REGION_LENGTH__)?__LOCK_REGION_LENGTH__:0x400
                0x00000400                __SIGNATURE_REGION_LENGTH__ = DEFINED (__SIGNATURE_REGION_LENGTH__)?__SIGNATURE_REGION_LENGTH__:0x400
                0x00000400                __USER_SIGNATURE_REGION_LENGTH__ = DEFINED (__USER_SIGNATURE_REGION_LENGTH__)?__USER_SIGNATURE_REGION_LENGTH__:0x400

.hash
 *(.hash)

.dynsym
 *(.dynsym)

.dynstr
 *(.dynstr)

.gnu.version
 *(.gnu.version)

.gnu.version_d
 *(.gnu.version_d)

.gnu.version_r
 *(.gnu.version_r)

.rel.init
 *(.rel.init)

.rela.init
 *(.rela.init)

.rel.text
 *(.rel.text)
 *(.rel.text.*)
 *(.rel.gnu.linkonce.t*)

.rela.text
 *(.rela.text)
 *(.rela.text.*)
 *(.rela.gnu.linkonce.t*)

.rel.fini
 *(.rel.fini)

.rela.fini
 *(.rela.fini)

.rel.rodata
 *(.rel.rodata)
 *(.rel.rodata.*)
 *(.rel.gnu.linkonce.r*)

.rela.rodata
 *(.rela.rodata)
 *(.rela.rodata.*)
 *(.rela.gnu.linkonce.r*)

.rel.data
 *(.rel.data)
 *(.rel.data.*)
 *(.rel.gnu.linkonce.d*)

.rela.data
 *(.rela.data)
 *(.rela.data.*)
 *(.rela.gnu.linkonce.d*)

.rel.ctors
 *(.rel.ctors)

.rela.ctors
 *(.rela.ctors)

.rel.dtors
 *(.rel.dtors)

.rela.dtors
 *(.rela.dtors)

.rel.got
 *(.rel.got)

.rela.got
 *(.rela.got)

.rel.bss
 *(.rel.bss)

.rela.bss
 *(.rela.bss)

.rel.plt
 *(.rel.plt)

.rela.plt
 *(.rela.plt)

.text           0x00000000      0xf94
 *(.vectors)
 .vectors       0x00000000       0x54 C:/Program Files (x86)/Atmel/Studio/7.0/Packs/atmel/ATmega_DFP/1.6.364/gcc/dev/atmega32/avr5/crtatmega32.o
                0x00000000                __vector_default
                0x00000000                __vectors
 *(.vectors)
 *(.progmem.gcc*)
                0x00000054                . = ALIGN (0x2)
                0x00000054                __trampolines_start = .
 *(.trampolines)
 .trampolines   0x00000054        0x0 linker stubs
 *(.trampolines*)
                0x00000054                __trampolines_end = .
 *libprintf_flt.a:*(.progmem.data)
 *libc.a:*(.progmem.data)
 *(.progmem*)
                0x00000054                . = ALIGN (0x2)
 *(.jumptables)
 *(.jumptables*)
 *(.lowtext)
 *(.lowtext*)
                0x00000054                __ctors_start = .
 *(.ctors)
                0x00000054                __ctors_end = .
                0x00000054                __dtors_start = .
 *(.dtors)
                0x00000054                __dtors_end = .
 SORT(*)(.ctors)
 SORT(*)(.dtors)
 *(.init0)
 .init0         0x00000054        0x0 C:/Program Files (x86)/Atmel/Studio/7.0/Packs/atmel/ATmega_DFP/1.6.364/gcc/dev/atmega32/avr5/crtatmega32.o
                0x00000054                __init
 *(.init0)
 *(.init1)
 *(.init1)
 *(.init2)
 .init2         0x00000054        0xc C:/Program Files (x86)/Atmel/Studio/7.0/Packs/atmel/ATmega_DFP/1.6.364/gcc/dev/atmega32/avr5/crtatmega32.o
 *(.init2)
 *(.init3)
 *(.init3)
 *(.init4)
 .init4         0x00000060       0x16 c:/program files (x86)/atmel/studio/7.0/toolchain/avr8/avr8-gnu-toolchain/bin/../lib/gcc/avr/5.4.0/avr5\libgcc.a(_copy_data.o)
                0x00000060                __do_copy_data
 .init4         0x00000076       0x10 c:/program files (x86)/atmel/studio/7.0/toolchain/avr8/avr8-gnu-toolchain/bin/../lib/gcc/avr/5.4.0/avr5\libgcc.a(_clear_bss.o)
                0x00000076                __do_clear_bss
 *(.init4)
 *(.init5)
 *(.init5)
 *(.init6)
 *(.init6)
 *(.init7)
 *(.init7)
 *(.init8)
 *(.init8)
 *(.init9)
 .init9         0x00000086        0x8 C:/Program Files (x86)/Atmel/Studio/7.0/Packs/atmel/ATmega_DFP/1.6.364/gcc/dev/atmega32/avr5/crtatmega32.o
 *(.init9)
 *(.text)
 .text          0x0000008e        0x4 C:/Program Files (x86)/Atmel/Studio/7.0/Packs/atmel/ATmega_DFP/1.6.364/gcc/dev/atmega32/avr5/crtatmega32.o
                0x0000008e                __vector_12
                0x0000008e                __bad_interrupt
                0x0000008e                __vector_6
                0x0000008e                __vector_3
                0x0000008e                __vector_13
                0x0000008e                __vector_17
                0x0000008e                __vector_19
                0x0000008e                __vector_7
                0x0000008e                __vector_4
                0x0000008e                __vector_15
                0x0000008e                __vector_8
                0x0000008e                __vector_14
                0x0000008e                __vector_10
                0x0000008e                __vector_16
                0x0000008e                __vector_18
                0x0000008e                __vector_20
                0x00000092                . = ALIGN (0x2)
 *(.text.*)
 .text.APP_vidInit
                0x00000092       0x1e APP/app.o
                0x00000092                APP_vidInit
 .text.APP_vidStart
                0x000000b0       0x42 APP/app.o
                0x000000b0                APP_vidStart
 .text.ENABLE   0x000000f2       0x2a HAL/lcd/lcd.o
 .text.LCD_cmd  0x0000011c      0x122 HAL/lcd/lcd.o
                0x0000011c                LCD_cmd
 .text.LCD_init
                0x0000023e      0x144 HAL/lcd/lcd.o
                0x0000023e                LCD_init
 .text.LCD_setCursor
                0x00000382       0x2a HAL/lcd/lcd.o
                0x00000382                LCD_setCursor
 .text.LCD_char
                0x000003ac      0x114 HAL/lcd/lcd.o
                0x000003ac                LCD_char
 .text.LCD_writeString
                0x000004c0       0x34 HAL/lcd/lcd.o
                0x000004c0                LCD_writeString
 .text.LCD_WriteInt
                0x000004f4       0x32 HAL/lcd/lcd.o
                0x000004f4                LCD_WriteInt
 .text.HULTRASONIC_vidTrigger
                0x00000526       0x1e HAL/Ultrasonic/ultrasonic.o
 .text.HULTRASONIC_vidTimerCBF
                0x00000544       0x28 HAL/Ultrasonic/ultrasonic.o
                0x00000544                HULTRASONIC_vidTimerCBF
 .text.HULTRASONIC_vidSigCalc
                0x0000056c       0xe8 HAL/Ultrasonic/ultrasonic.o
                0x0000056c                HULTRASONIC_vidSigCalc
 .text.HULTRASONIC_vidInit
                0x00000654       0x3c HAL/Ultrasonic/ultrasonic.o
                0x00000654                HULTRASONIC_vidInit
 .text.HULTRASONIC_u8Read
                0x00000690       0x16 HAL/Ultrasonic/ultrasonic.o
                0x00000690                HULTRASONIC_u8Read
 .text.HULTRASONIC_vidCBF_TIM
                0x000006a6        0x6 HAL/Ultrasonic/ultrasonic.o
                0x000006a6                HULTRASONIC_vidCBF_TIM
 .text.HULTRASONIC_vidCBF_INT
                0x000006ac        0x6 HAL/Ultrasonic/ultrasonic.o
                0x000006ac                HULTRASONIC_vidCBF_INT
 .text.main     0x000006b2        0xa main.o
                0x000006b2                main
 .text.DIO_init
                0x000006bc       0x74 MCAL/dio/dio.o
                0x000006bc                DIO_init
 .text.DIO_writePIN
                0x00000730       0xf6 MCAL/dio/dio.o
                0x00000730                DIO_writePIN
 .text.vidExtInt_init
                0x00000826      0x112 MCAL/ExtInt/EXTINT_Source.o
                0x00000826                vidExtInt_init
 .text.MEXTINT_vidCallBackFunc
                0x00000938        0xa MCAL/ExtInt/EXTINT_Source.o
                0x00000938                MEXTINT_vidCallBackFunc
 .text.__vector_1
                0x00000942       0x4e MCAL/ExtInt/EXTINT_Source.o
                0x00000942                __vector_1
 .text.__vector_2
                0x00000990       0x4e MCAL/ExtInt/EXTINT_Source.o
                0x00000990                __vector_2
 .text.__vector_11
                0x000009de       0x60 MCAL/timer/timer.o
                0x000009de                __vector_11
 .text.__vector_9
                0x00000a3e       0x60 MCAL/timer/timer.o
                0x00000a3e                __vector_9
 .text.enuTimer2_init
                0x00000a9e       0x5e MCAL/timer/timer.o
                0x00000a9e                enuTimer2_init
 .text.u8Timer2_setPrescallar
                0x00000afc       0x28 MCAL/timer/timer.o
                0x00000afc                u8Timer2_setPrescallar
 .text.vidTimer2_OvfIrqEnable
                0x00000b24       0x10 MCAL/timer/timer.o
                0x00000b24                vidTimer2_OvfIrqEnable
 .text.vidTimer2_start
                0x00000b34       0x14 MCAL/timer/timer.o
                0x00000b34                vidTimer2_start
 .text.vidTimer2_stop
                0x00000b48        0xe MCAL/timer/timer.o
                0x00000b48                vidTimer2_stop
 .text.vidTimer2_setcbf_OVF
                0x00000b56        0xe MCAL/timer/timer.o
                0x00000b56                vidTimer2_setcbf_OVF
 .text.MTIMER_vidResetTCNT
                0x00000b64        0x4 MCAL/timer/timer.o
                0x00000b64                MTIMER_vidResetTCNT
 .text.MTIMER_u8GetTCNT
                0x00000b68        0x4 MCAL/timer/timer.o
                0x00000b68                MTIMER_u8GetTCNT
 .text.MTIMER_vidEnableGlobalInterrupt
                0x00000b6c        0x8 MCAL/timer/timer.o
                0x00000b6c                MTIMER_vidEnableGlobalInterrupt
 .text.__vector_5
                0x00000b74       0x68 MCAL/timer/timer.o
                0x00000b74                __vector_5
 .text.avr-libc.fplib
                0x00000bdc        0xe c:/program files (x86)/atmel/studio/7.0/toolchain/avr8/avr8-gnu-toolchain/bin/../lib/gcc/avr/5.4.0/../../../../avr/lib/avr5\libm.a(addsf3.o)
                0x00000bdc                __subsf3
                0x00000bde                __addsf3
 .text.avr-libc.fplib
                0x00000bea       0xcc c:/program files (x86)/atmel/studio/7.0/toolchain/avr8/avr8-gnu-toolchain/bin/../lib/gcc/avr/5.4.0/../../../../avr/lib/avr5\libm.a(addsf3x.o)
                0x00000c0c                __addsf3x
 .text.avr-libc.fplib
                0x00000cb6        0x8 c:/program files (x86)/atmel/studio/7.0/toolchain/avr8/avr8-gnu-toolchain/bin/../lib/gcc/avr/5.4.0/../../../../avr/lib/avr5\libm.a(divsf3.o)
                0x00000cb6                __divsf3
 .text.avr-libc.fplib
                0x00000cbe       0xdc c:/program files (x86)/atmel/studio/7.0/toolchain/avr8/avr8-gnu-toolchain/bin/../lib/gcc/avr/5.4.0/../../../../avr/lib/avr5\libm.a(divsf3x.o)
                0x00000cde                __divsf3x
                0x00000ce4                __divsf3_pse
 .text.avr-libc.fplib
                0x00000d9a       0x5e c:/program files (x86)/atmel/studio/7.0/toolchain/avr8/avr8-gnu-toolchain/bin/../lib/gcc/avr/5.4.0/../../../../avr/lib/avr5\libm.a(fixunssfsi.o)
                0x00000d9a                __fixunssfsi
 .text.avr-libc.fplib
                0x00000df8       0x7a c:/program files (x86)/atmel/studio/7.0/toolchain/avr8/avr8-gnu-toolchain/bin/../lib/gcc/avr/5.4.0/../../../../avr/lib/avr5\libm.a(floatsisf.o)
                0x00000df8                __floatunsisf
                0x00000dfc                __floatsisf
 .text.avr-libc.fplib
                0x00000e72        0xc c:/program files (x86)/atmel/studio/7.0/toolchain/avr8/avr8-gnu-toolchain/bin/../lib/gcc/avr/5.4.0/../../../../avr/lib/avr5\libm.a(fp_inf.o)
                0x00000e72                __fp_inf
 .text.avr-libc.fplib
                0x00000e7e        0x6 c:/program files (x86)/atmel/studio/7.0/toolchain/avr8/avr8-gnu-toolchain/bin/../lib/gcc/avr/5.4.0/../../../../avr/lib/avr5\libm.a(fp_nan.o)
                0x00000e7e                __fp_nan
 .text.avr-libc.fplib
                0x00000e84        0xe c:/program files (x86)/atmel/studio/7.0/toolchain/avr8/avr8-gnu-toolchain/bin/../lib/gcc/avr/5.4.0/../../../../avr/lib/avr5\libm.a(fp_pscA.o)
                0x00000e84                __fp_pscA
 .text.avr-libc.fplib
                0x00000e92        0xe c:/program files (x86)/atmel/studio/7.0/toolchain/avr8/avr8-gnu-toolchain/bin/../lib/gcc/avr/5.4.0/../../../../avr/lib/avr5\libm.a(fp_pscB.o)
                0x00000e92                __fp_pscB
 .text.avr-libc.fplib
                0x00000ea0       0x22 c:/program files (x86)/atmel/studio/7.0/toolchain/avr8/avr8-gnu-toolchain/bin/../lib/gcc/avr/5.4.0/../../../../avr/lib/avr5\libm.a(fp_round.o)
                0x00000ea0                __fp_round
 .text.avr-libc.fplib
                0x00000ec2       0x44 c:/program files (x86)/atmel/studio/7.0/toolchain/avr8/avr8-gnu-toolchain/bin/../lib/gcc/avr/5.4.0/../../../../avr/lib/avr5\libm.a(fp_split3.o)
                0x00000ec2                __fp_split3
                0x00000ed2                __fp_splitA
 .text.avr-libc.fplib
                0x00000f06        0xe c:/program files (x86)/atmel/studio/7.0/toolchain/avr8/avr8-gnu-toolchain/bin/../lib/gcc/avr/5.4.0/../../../../avr/lib/avr5\libm.a(fp_zero.o)
                0x00000f06                __fp_zero
                0x00000f08                __fp_szero
 .text.avr-libc
                0x00000f14       0x12 c:/program files (x86)/atmel/studio/7.0/toolchain/avr8/avr8-gnu-toolchain/bin/../lib/gcc/avr/5.4.0/../../../../avr/lib/avr5\libc.a(memcpy.o)
                0x00000f14                memcpy
 .text.avr-libc
                0x00000f26       0x16 c:/program files (x86)/atmel/studio/7.0/toolchain/avr8/avr8-gnu-toolchain/bin/../lib/gcc/avr/5.4.0/../../../../avr/lib/avr5\libc.a(itoa_ncheck.o)
                0x00000f26                __itoa_ncheck
 .text.avr-libc
                0x00000f3c       0x34 c:/program files (x86)/atmel/studio/7.0/toolchain/avr8/avr8-gnu-toolchain/bin/../lib/gcc/avr/5.4.0/../../../../avr/lib/avr5\libc.a(utoa_ncheck.o)
                0x00000f3c                __utoa_ncheck
                0x00000f3e                __utoa_common
 .text.avr-libc
                0x00000f70       0x20 c:/program files (x86)/atmel/studio/7.0/toolchain/avr8/avr8-gnu-toolchain/bin/../lib/gcc/avr/5.4.0/../../../../avr/lib/avr5\libc.a(strrev.o)
                0x00000f70                strrev
                0x00000f90                . = ALIGN (0x2)
 *(.fini9)
 .fini9         0x00000f90        0x0 c:/program files (x86)/atmel/studio/7.0/toolchain/avr8/avr8-gnu-toolchain/bin/../lib/gcc/avr/5.4.0/avr5\libgcc.a(_exit.o)
                0x00000f90                _exit
                0x00000f90                exit
 *(.fini9)
 *(.fini8)
 *(.fini8)
 *(.fini7)
 *(.fini7)
 *(.fini6)
 *(.fini6)
 *(.fini5)
 *(.fini5)
 *(.fini4)
 *(.fini4)
 *(.fini3)
 *(.fini3)
 *(.fini2)
 *(.fini2)
 *(.fini1)
 *(.fini1)
 *(.fini0)
 .fini0         0x00000f90        0x4 c:/program files (x86)/atmel/studio/7.0/toolchain/avr8/avr8-gnu-toolchain/bin/../lib/gcc/avr/5.4.0/avr5\libgcc.a(_exit.o)
 *(.fini0)
                0x00000f94                _etext = .

.data           0x00800060       0x18 load address 0x00000f94
                0x00800060                PROVIDE (__data_start, .)
 *(.data)
 *(.data*)
 .data.st_lcdConfig
                0x00800060       0x17 HAL/lcd/lcd_cfg.o
                0x00800060                st_lcdConfig
 .data.global_ovf
                0x00800077        0x1 MCAL/timer/timer.o
 *(.gnu.linkonce.d*)
 *(.rodata)
 *(.rodata*)
 *(.gnu.linkonce.r*)
                0x00800078                . = ALIGN (0x2)
                0x00800078                _edata = .
                0x00800078                PROVIDE (__data_end, .)

.bss            0x00800078       0x37
                0x00800078                PROVIDE (__bss_start, .)
 *(.bss)
 *(.bss*)
 .bss.mode      0x00800078        0x1 HAL/lcd/lcd.o
 .bss.global_f64distance
                0x00800079        0x4 HAL/Ultrasonic/ultrasonic.o
 .bss.g_v_u8_flag
                0x0080007d        0x1 HAL/Ultrasonic/ultrasonic.o
                0x0080007d                g_v_u8_flag
 .bss.g_v_u16_ovfCounts
                0x0080007e        0x4 HAL/Ultrasonic/ultrasonic.o
                0x0080007e                g_v_u16_ovfCounts
 .bss.callBackFunc
                0x00800082        0x2 MCAL/ExtInt/EXTINT_Source.o
                0x00800082                callBackFunc
 .bss.callBack  0x00800084        0x2 MCAL/ExtInt/EXTINT_Source.o
                0x00800084                callBack
 .bss.counter.1821
                0x00800086        0x1 MCAL/timer/timer.o
 .bss.globalCallFunc
                0x00800087        0x2 MCAL/timer/timer.o
 .bss.global_timerStatus
                0x00800089        0x1 MCAL/timer/timer.o
 .bss.global_prescaller
                0x0080008a        0x1 MCAL/timer/timer.o
 .bss.sg_Timer1_callBackPtr
                0x0080008b        0x2 MCAL/timer/timer.o
 .bss.sg_Timer0_callBackPtr
                0x0080008d        0x2 MCAL/timer/timer.o
 *(COMMON)
 COMMON         0x0080008f        0x4 APP/app.o
                0x0080008f                global_f64Dist
 COMMON         0x00800093       0x17 HAL/lcd/lcd.o
                0x00800093                st_gs_lcdConfig
 COMMON         0x008000aa        0x5 HAL/Ultrasonic/ultrasonic.o
                0x008000aa                g_v_u8_cap
                0x008000ab                g_v_u16_ovf
                0x008000af                PROVIDE (__bss_end, .)
                0x00000f94                __data_load_start = LOADADDR (.data)
                0x00000fac                __data_load_end = (__data_load_start + SIZEOF (.data))

.noinit         0x008000af        0x0
                [!provide]                PROVIDE (__noinit_start, .)
 *(.noinit*)
                [!provide]                PROVIDE (__noinit_end, .)
                0x008000af                _end = .
                [!provide]                PROVIDE (__heap_start, .)

.eeprom         0x00810000        0x0
 *(.eeprom*)
                0x00810000                __eeprom_end = .

.fuse
 *(.fuse)
 *(.lfuse)
 *(.hfuse)
 *(.efuse)

.lock
 *(.lock*)

.signature
 *(.signature*)

.user_signatures
 *(.user_signatures*)

.stab
 *(.stab)

.stabstr
 *(.stabstr)

.stab.excl
 *(.stab.excl)

.stab.exclstr
 *(.stab.exclstr)

.stab.index
 *(.stab.index)

.stab.indexstr
 *(.stab.indexstr)

.comment        0x00000000       0x30
 *(.comment)
 .comment       0x00000000       0x30 APP/app.o
                                 0x31 (size before relaxing)
 .comment       0x00000030       0x31 HAL/lcd/lcd.o
 .comment       0x00000030       0x31 HAL/lcd/lcd_cfg.o
 .comment       0x00000030       0x31 HAL/Ultrasonic/ultrasonic.o
 .comment       0x00000030       0x31 main.o
 .comment       0x00000030       0x31 MCAL/dio/dio.o
 .comment       0x00000030       0x31 MCAL/ExtInt/EXTINT_Source.o
 .comment       0x00000030       0x31 MCAL/timer/timer.o

.note.gnu.avr.deviceinfo
                0x00000000       0x3c
 .note.gnu.avr.deviceinfo
                0x00000000       0x3c C:/Program Files (x86)/Atmel/Studio/7.0/Packs/atmel/ATmega_DFP/1.6.364/gcc/dev/atmega32/avr5/crtatmega32.o

.note.gnu.build-id
 *(.note.gnu.build-id)

.debug
 *(.debug)

.line
 *(.line)

.debug_srcinfo
 *(.debug_srcinfo)

.debug_sfnames
 *(.debug_sfnames)

.debug_aranges  0x00000000      0x248
 *(.debug_aranges)
 .debug_aranges
                0x00000000       0x28 APP/app.o
 .debug_aranges
                0x00000028       0x60 HAL/lcd/lcd.o
 .debug_aranges
                0x00000088       0x18 HAL/lcd/lcd_cfg.o
 .debug_aranges
                0x000000a0       0x50 HAL/Ultrasonic/ultrasonic.o
 .debug_aranges
                0x000000f0       0x20 main.o
 .debug_aranges
                0x00000110       0x30 MCAL/dio/dio.o
 .debug_aranges
                0x00000140       0x58 MCAL/ExtInt/EXTINT_Source.o
 .debug_aranges
                0x00000198       0xb0 MCAL/timer/timer.o

.debug_pubnames
 *(.debug_pubnames)

.debug_info     0x00000000     0x25c4
 *(.debug_info .gnu.linkonce.wi.*)
 .debug_info    0x00000000      0x4e6 C:/Program Files (x86)/Atmel/Studio/7.0/Packs/atmel/ATmega_DFP/1.6.364/gcc/dev/atmega32/avr5/crtatmega32.o
 .debug_info    0x000004e6      0x2e6 APP/app.o
 .debug_info    0x000007cc      0xb95 HAL/lcd/lcd.o
 .debug_info    0x00001361      0x1ad HAL/lcd/lcd_cfg.o
 .debug_info    0x0000150e      0x5bb HAL/Ultrasonic/ultrasonic.o
 .debug_info    0x00001ac9       0x7d main.o
 .debug_info    0x00001b46      0x208 MCAL/dio/dio.o
 .debug_info    0x00001d4e      0x231 MCAL/ExtInt/EXTINT_Source.o
 .debug_info    0x00001f7f      0x645 MCAL/timer/timer.o

.debug_abbrev   0x00000000      0xef8
 *(.debug_abbrev)
 .debug_abbrev  0x00000000      0x4a3 C:/Program Files (x86)/Atmel/Studio/7.0/Packs/atmel/ATmega_DFP/1.6.364/gcc/dev/atmega32/avr5/crtatmega32.o
 .debug_abbrev  0x000004a3      0x15b APP/app.o
 .debug_abbrev  0x000005fe      0x2a3 HAL/lcd/lcd.o
 .debug_abbrev  0x000008a1       0x81 HAL/lcd/lcd_cfg.o
 .debug_abbrev  0x00000922      0x1de HAL/Ultrasonic/ultrasonic.o
 .debug_abbrev  0x00000b00       0x5d main.o
 .debug_abbrev  0x00000b5d       0xa5 MCAL/dio/dio.o
 .debug_abbrev  0x00000c02      0x105 MCAL/ExtInt/EXTINT_Source.o
 .debug_abbrev  0x00000d07      0x1f1 MCAL/timer/timer.o

.debug_line     0x00000000     0x19e7
 *(.debug_line .debug_line.* .debug_line_end)
 .debug_line    0x00000000      0x116 C:/Program Files (x86)/Atmel/Studio/7.0/Packs/atmel/ATmega_DFP/1.6.364/gcc/dev/atmega32/avr5/crtatmega32.o
 .debug_line    0x00000116      0x1b4 APP/app.o
 .debug_line    0x000002ca      0x497 HAL/lcd/lcd.o
 .debug_line    0x00000761       0x92 HAL/lcd/lcd_cfg.o
 .debug_line    0x000007f3      0x339 HAL/Ultrasonic/ultrasonic.o
 .debug_line    0x00000b2c       0x5b main.o
 .debug_line    0x00000b87      0x239 MCAL/dio/dio.o
 .debug_line    0x00000dc0      0x2b3 MCAL/ExtInt/EXTINT_Source.o
 .debug_line    0x00001073      0x974 MCAL/timer/timer.o

.debug_frame    0x00000000      0x5a0
 *(.debug_frame)
 .debug_frame   0x00000000       0x34 APP/app.o
 .debug_frame   0x00000034      0x118 HAL/lcd/lcd.o
 .debug_frame   0x0000014c       0x84 HAL/Ultrasonic/ultrasonic.o
 .debug_frame   0x000001d0       0x24 main.o
 .debug_frame   0x000001f4       0x44 MCAL/dio/dio.o
 .debug_frame   0x00000238      0x124 MCAL/ExtInt/EXTINT_Source.o
 .debug_frame   0x0000035c      0x244 MCAL/timer/timer.o

.debug_str      0x00000000      0xdaa
 *(.debug_str)
 .debug_str     0x00000000      0x196 C:/Program Files (x86)/Atmel/Studio/7.0/Packs/atmel/ATmega_DFP/1.6.364/gcc/dev/atmega32/avr5/crtatmega32.o
 .debug_str     0x00000196      0x2f4 APP/app.o
                                0x328 (size before relaxing)
 .debug_str     0x0000048a      0x151 HAL/lcd/lcd.o
                                0x3e7 (size before relaxing)
 .debug_str     0x000005db       0x74 HAL/lcd/lcd_cfg.o
                                0x26b (size before relaxing)
 .debug_str     0x0000064f      0x317 HAL/Ultrasonic/ultrasonic.o
                                0x5ee (size before relaxing)
 .debug_str     0x00000966       0x11 main.o
                                0x12d (size before relaxing)
 .debug_str     0x00000977       0x49 MCAL/dio/dio.o
                                0x274 (size before relaxing)
 .debug_str     0x000009c0       0xfa MCAL/ExtInt/EXTINT_Source.o
                                0x31e (size before relaxing)
 .debug_str     0x00000aba      0x2f0 MCAL/timer/timer.o
                                0x603 (size before relaxing)

.debug_loc      0x00000000     0x179d
 *(.debug_loc)
 .debug_loc     0x00000000       0x48 APP/app.o
 .debug_loc     0x00000048      0x6bd HAL/lcd/lcd.o
 .debug_loc     0x00000705       0x91 HAL/Ultrasonic/ultrasonic.o
 .debug_loc     0x00000796      0x2b5 MCAL/dio/dio.o
 .debug_loc     0x00000a4b      0x392 MCAL/ExtInt/EXTINT_Source.o
 .debug_loc     0x00000ddd      0x9c0 MCAL/timer/timer.o

.debug_macinfo
 *(.debug_macinfo)

.debug_weaknames
 *(.debug_weaknames)

.debug_funcnames
 *(.debug_funcnames)

.debug_typenames
 *(.debug_typenames)

.debug_varnames
 *(.debug_varnames)

.debug_pubtypes
 *(.debug_pubtypes)

.debug_ranges   0x00000000      0x1c0
 *(.debug_ranges)
 .debug_ranges  0x00000000       0x18 APP/app.o
 .debug_ranges  0x00000018       0x50 HAL/lcd/lcd.o
 .debug_ranges  0x00000068       0x40 HAL/Ultrasonic/ultrasonic.o
 .debug_ranges  0x000000a8       0x10 main.o
 .debug_ranges  0x000000b8       0x20 MCAL/dio/dio.o
 .debug_ranges  0x000000d8       0x48 MCAL/ExtInt/EXTINT_Source.o
 .debug_ranges  0x00000120       0xa0 MCAL/timer/timer.o

.debug_macro
 *(.debug_macro)
OUTPUT(Obstacal avoiding car.elf elf32-avr)
LOAD linker stubs
