Archive member included to satisfy reference by file (symbol)

c:/program files (x86)/atmel/studio/7.0/toolchain/avr8/avr8-gnu-toolchain/bin/../lib/gcc/avr/5.4.0/../../../../avr/lib/avr5\libm.a(addsf3.o)
                              HAL/Ultrasonic/ultrasonic.o (__subsf3)
c:/program files (x86)/atmel/studio/7.0/toolchain/avr8/avr8-gnu-toolchain/bin/../lib/gcc/avr/5.4.0/../../../../avr/lib/avr5\libm.a(addsf3x.o)
                              c:/program files (x86)/atmel/studio/7.0/toolchain/avr8/avr8-gnu-toolchain/bin/../lib/gcc/avr/5.4.0/../../../../avr/lib/avr5\libm.a(addsf3.o) (__addsf3x)
c:/program files (x86)/atmel/studio/7.0/toolchain/avr8/avr8-gnu-toolchain/bin/../lib/gcc/avr/5.4.0/../../../../avr/lib/avr5\libm.a(divsf3.o)
                              HAL/Ultrasonic/ultrasonic.o (__divsf3)
c:/program files (x86)/atmel/studio/7.0/toolchain/avr8/avr8-gnu-toolchain/bin/../lib/gcc/avr/5.4.0/../../../../avr/lib/avr5\libm.a(divsf3x.o)
                              c:/program files (x86)/atmel/studio/7.0/toolchain/avr8/avr8-gnu-toolchain/bin/../lib/gcc/avr/5.4.0/../../../../avr/lib/avr5\libm.a(divsf3.o) (__divsf3x)
c:/program files (x86)/atmel/studio/7.0/toolchain/avr8/avr8-gnu-toolchain/bin/../lib/gcc/avr/5.4.0/../../../../avr/lib/avr5\libm.a(fixunssfsi.o)
                              MCAL/timer/timer.o (__fixunssfsi)
c:/program files (x86)/atmel/studio/7.0/toolchain/avr8/avr8-gnu-toolchain/bin/../lib/gcc/avr/5.4.0/../../../../avr/lib/avr5\libm.a(floatsisf.o)
                              HAL/Ultrasonic/ultrasonic.o (__floatunsisf)
c:/program files (x86)/atmel/studio/7.0/toolchain/avr8/avr8-gnu-toolchain/bin/../lib/gcc/avr/5.4.0/../../../../avr/lib/avr5\libm.a(fp_inf.o)
                              c:/program files (x86)/atmel/studio/7.0/toolchain/avr8/avr8-gnu-toolchain/bin/../lib/gcc/avr/5.4.0/../../../../avr/lib/avr5\libm.a(addsf3x.o) (__fp_inf)
c:/program files (x86)/atmel/studio/7.0/toolchain/avr8/avr8-gnu-toolchain/bin/../lib/gcc/avr/5.4.0/../../../../avr/lib/avr5\libm.a(fp_nan.o)
                              c:/program files (x86)/atmel/studio/7.0/toolchain/avr8/avr8-gnu-toolchain/bin/../lib/gcc/avr/5.4.0/../../../../avr/lib/avr5\libm.a(addsf3x.o) (__fp_nan)
c:/program files (x86)/atmel/studio/7.0/toolchain/avr8/avr8-gnu-toolchain/bin/../lib/gcc/avr/5.4.0/../../../../avr/lib/avr5\libm.a(fp_pscA.o)
                              c:/program files (x86)/atmel/studio/7.0/toolchain/avr8/avr8-gnu-toolchain/bin/../lib/gcc/avr/5.4.0/../../../../avr/lib/avr5\libm.a(addsf3x.o) (__fp_pscA)
c:/program files (x86)/atmel/studio/7.0/toolchain/avr8/avr8-gnu-toolchain/bin/../lib/gcc/avr/5.4.0/../../../../avr/lib/avr5\libm.a(fp_pscB.o)
                              c:/program files (x86)/atmel/studio/7.0/toolchain/avr8/avr8-gnu-toolchain/bin/../lib/gcc/avr/5.4.0/../../../../avr/lib/avr5\libm.a(addsf3x.o) (__fp_pscB)
c:/program files (x86)/atmel/studio/7.0/toolchain/avr8/avr8-gnu-toolchain/bin/../lib/gcc/avr/5.4.0/../../../../avr/lib/avr5\libm.a(fp_round.o)
                              c:/program files (x86)/atmel/studio/7.0/toolchain/avr8/avr8-gnu-toolchain/bin/../lib/gcc/avr/5.4.0/../../../../avr/lib/avr5\libm.a(addsf3.o) (__fp_round)
c:/program files (x86)/atmel/studio/7.0/toolchain/avr8/avr8-gnu-toolchain/bin/../lib/gcc/avr/5.4.0/../../../../avr/lib/avr5\libm.a(fp_split3.o)
                              c:/program files (x86)/atmel/studio/7.0/toolchain/avr8/avr8-gnu-toolchain/bin/../lib/gcc/avr/5.4.0/../../../../avr/lib/avr5\libm.a(addsf3x.o) (__fp_split3)
c:/program files (x86)/atmel/studio/7.0/toolchain/avr8/avr8-gnu-toolchain/bin/../lib/gcc/avr/5.4.0/../../../../avr/lib/avr5\libm.a(fp_zero.o)
                              c:/program files (x86)/atmel/studio/7.0/toolchain/avr8/avr8-gnu-toolchain/bin/../lib/gcc/avr/5.4.0/../../../../avr/lib/avr5\libm.a(addsf3x.o) (__fp_zero)
c:/program files (x86)/atmel/studio/7.0/toolchain/avr8/avr8-gnu-toolchain/bin/../lib/gcc/avr/5.4.0/avr5\libgcc.a(_exit.o)
                              C:/Program Files (x86)/Atmel/Studio/7.0/Packs/atmel/ATmega_DFP/1.6.364/gcc/dev/atmega32/avr5/crtatmega32.o (exit)
c:/program files (x86)/atmel/studio/7.0/toolchain/avr8/avr8-gnu-toolchain/bin/../lib/gcc/avr/5.4.0/avr5\libgcc.a(_tablejump2.o)
                              MCAL/timer/timer.o (__tablejump2__)
c:/program files (x86)/atmel/studio/7.0/toolchain/avr8/avr8-gnu-toolchain/bin/../lib/gcc/avr/5.4.0/avr5\libgcc.a(_copy_data.o)
                              APP/app.o (__do_copy_data)
c:/program files (x86)/atmel/studio/7.0/toolchain/avr8/avr8-gnu-toolchain/bin/../lib/gcc/avr/5.4.0/avr5\libgcc.a(_clear_bss.o)
                              APP/app.o (__do_clear_bss)
c:/program files (x86)/atmel/studio/7.0/toolchain/avr8/avr8-gnu-toolchain/bin/../lib/gcc/avr/5.4.0/../../../../avr/lib/avr5\libc.a(itoa_ncheck.o)
                              HAL/hlcd/hlcd_Source.o (__itoa_ncheck)
c:/program files (x86)/atmel/studio/7.0/toolchain/avr8/avr8-gnu-toolchain/bin/../lib/gcc/avr/5.4.0/../../../../avr/lib/avr5\libc.a(utoa_ncheck.o)
                              c:/program files (x86)/atmel/studio/7.0/toolchain/avr8/avr8-gnu-toolchain/bin/../lib/gcc/avr/5.4.0/../../../../avr/lib/avr5\libc.a(itoa_ncheck.o) (__utoa_common)
c:/program files (x86)/atmel/studio/7.0/toolchain/avr8/avr8-gnu-toolchain/bin/../lib/gcc/avr/5.4.0/../../../../avr/lib/avr5\libc.a(strrev.o)
                              c:/program files (x86)/atmel/studio/7.0/toolchain/avr8/avr8-gnu-toolchain/bin/../lib/gcc/avr/5.4.0/../../../../avr/lib/avr5\libc.a(utoa_ncheck.o) (strrev)

Allocating common symbols
Common symbol       size              file

g_v_u8_cap          0x1               HAL/Ultrasonic/ultrasonic.o
u8KeyRead           0x1               APP/app.o
global_f64Dist      0x4               APP/app.o
g_v_u16_ovf         0x4               HAL/Ultrasonic/ultrasonic.o

Discarded input sections

 .data          0x00000000        0x0 C:/Program Files (x86)/Atmel/Studio/7.0/Packs/atmel/ATmega_DFP/1.6.364/gcc/dev/atmega32/avr5/crtatmega32.o
 .bss           0x00000000        0x0 C:/Program Files (x86)/Atmel/Studio/7.0/Packs/atmel/ATmega_DFP/1.6.364/gcc/dev/atmega32/avr5/crtatmega32.o
 .text          0x00000000        0x0 APP/app.o
 .data          0x00000000        0x0 APP/app.o
 .bss           0x00000000        0x0 APP/app.o
 .text          0x00000000        0x0 HAL/button/button.o
 .data          0x00000000        0x0 HAL/button/button.o
 .bss           0x00000000        0x0 HAL/button/button.o
 .text.vidPrePushState
                0x00000000       0x72 HAL/button/button.o
 .text.vidPushState
                0x00000000       0x76 HAL/button/button.o
 .text.vidPreHoldState
                0x00000000       0x76 HAL/button/button.o
 .text.vidHoldState
                0x00000000       0x5e HAL/button/button.o
 .text.vidPreReleaseState
                0x00000000       0x7a HAL/button/button.o
 .text.vidReleaseState
                0x00000000       0x5a HAL/button/button.o
 .text.vidUpdateBtnState
                0x00000000       0x5a HAL/button/button.o
 .text.BUTTON_mainTask
                0x00000000       0x16 HAL/button/button.o
 .text.BUTTON_init
                0x00000000       0x48 HAL/button/button.o
 .text.BUTTON_getState
                0x00000000       0x22 HAL/button/button.o
 .bss.st_gs_strBtnInfo
                0x00000000        0xa HAL/button/button.o
 .rodata.st_gc_btnConfig
                0x00000000        0x5 HAL/button/button.o
 .debug_info    0x00000000      0x4ee HAL/button/button.o
 .debug_abbrev  0x00000000      0x173 HAL/button/button.o
 .debug_loc     0x00000000      0x5bb HAL/button/button.o
 .debug_aranges
                0x00000000       0x68 HAL/button/button.o
 .debug_ranges  0x00000000       0x58 HAL/button/button.o
 .debug_line    0x00000000      0x2d6 HAL/button/button.o
 .debug_str     0x00000000      0x379 HAL/button/button.o
 .comment       0x00000000       0x31 HAL/button/button.o
 .debug_frame   0x00000000      0x174 HAL/button/button.o
 .text          0x00000000        0x0 HAL/hextInt/HExtInt.o
 .data          0x00000000        0x0 HAL/hextInt/HExtInt.o
 .bss           0x00000000        0x0 HAL/hextInt/HExtInt.o
 .text.HExtInt_enCBFInt1
                0x00000000       0x10 HAL/hextInt/HExtInt.o
 .bss.cbf       0x00000000        0x2 HAL/hextInt/HExtInt.o
 .text          0x00000000        0x0 HAL/hlcd/hlcd_Configure.o
 .data          0x00000000        0x0 HAL/hlcd/hlcd_Configure.o
 .bss           0x00000000        0x0 HAL/hlcd/hlcd_Configure.o
 .text          0x00000000        0x0 HAL/hlcd/hlcd_Source.o
 .data          0x00000000        0x0 HAL/hlcd/hlcd_Source.o
 .bss           0x00000000        0x0 HAL/hlcd/hlcd_Source.o
 .text.HLCD_ShiftLeft
                0x00000000       0x14 HAL/hlcd/hlcd_Source.o
 .text.HLCD_WriteInt
                0x00000000       0x3e HAL/hlcd/hlcd_Source.o
 .text.HLCD_WriteArabic
                0x00000000       0x14 HAL/hlcd/hlcd_Source.o
 .text.HLCD_vidCreatCustomChar
                0x00000000       0x46 HAL/hlcd/hlcd_Source.o
 .text          0x00000000        0x0 HAL/keypad/keypad and LCD intergration.o
 .data          0x00000000        0x0 HAL/keypad/keypad and LCD intergration.o
 .bss           0x00000000        0x0 HAL/keypad/keypad and LCD intergration.o
 .debug_line    0x00000000        0x0 HAL/keypad/keypad and LCD intergration.o
 .debug_str     0x00000000      0x12f HAL/keypad/keypad and LCD intergration.o
 .comment       0x00000000       0x31 HAL/keypad/keypad and LCD intergration.o
 .text          0x00000000        0x0 HAL/keypad/keypad.o
 .data          0x00000000        0x0 HAL/keypad/keypad.o
 .bss           0x00000000        0x0 HAL/keypad/keypad.o
 .text          0x00000000        0x0 HAL/motor/motor.o
 .data          0x00000000        0x0 HAL/motor/motor.o
 .bss           0x00000000        0x0 HAL/motor/motor.o
 .text.MOTOR_INIT
                0x00000000       0x30 HAL/motor/motor.o
 .text.MOTOR_FORWARD
                0x00000000       0x30 HAL/motor/motor.o
 .text.MOTOR_BACKWARD
                0x00000000       0x30 HAL/motor/motor.o
 .text.MOTOR_STOP
                0x00000000       0x30 HAL/motor/motor.o
 .debug_info    0x00000000      0x2cf HAL/motor/motor.o
 .debug_abbrev  0x00000000       0xd7 HAL/motor/motor.o
 .debug_loc     0x00000000      0x194 HAL/motor/motor.o
 .debug_aranges
                0x00000000       0x38 HAL/motor/motor.o
 .debug_ranges  0x00000000       0x28 HAL/motor/motor.o
 .debug_line    0x00000000      0x168 HAL/motor/motor.o
 .debug_str     0x00000000      0x291 HAL/motor/motor.o
 .comment       0x00000000       0x31 HAL/motor/motor.o
 .debug_frame   0x00000000       0x84 HAL/motor/motor.o
 .text          0x00000000        0x0 HAL/timer_manager/timer_manager.o
 .data          0x00000000        0x0 HAL/timer_manager/timer_manager.o
 .bss           0x00000000        0x0 HAL/timer_manager/timer_manager.o
 .text.TIMER_Manager_reset
                0x00000000       0x24 HAL/timer_manager/timer_manager.o
 .text          0x00000000        0x0 HAL/Ultrasonic/ultrasonic.o
 .data          0x00000000        0x0 HAL/Ultrasonic/ultrasonic.o
 .bss           0x00000000        0x0 HAL/Ultrasonic/ultrasonic.o
 .text          0x00000000        0x0 HAL/Ultrasonic/ultrasonic_cfg.o
 .data          0x00000000        0x0 HAL/Ultrasonic/ultrasonic_cfg.o
 .bss           0x00000000        0x0 HAL/Ultrasonic/ultrasonic_cfg.o
 .debug_line    0x00000000        0x0 HAL/Ultrasonic/ultrasonic_cfg.o
 .debug_str     0x00000000      0x126 HAL/Ultrasonic/ultrasonic_cfg.o
 .comment       0x00000000       0x31 HAL/Ultrasonic/ultrasonic_cfg.o
 .text          0x00000000        0x0 main.o
 .data          0x00000000        0x0 main.o
 .bss           0x00000000        0x0 main.o
 .text          0x00000000        0x0 MCAL/dio/dio.o
 .data          0x00000000        0x0 MCAL/dio/dio.o
 .bss           0x00000000        0x0 MCAL/dio/dio.o
 .text          0x00000000        0x0 MCAL/ExtInt/EXTINT_Source.o
 .data          0x00000000        0x0 MCAL/ExtInt/EXTINT_Source.o
 .bss           0x00000000        0x0 MCAL/ExtInt/EXTINT_Source.o
 .text.MEXTINT_vidCallBackFuncInt1
                0x00000000        0xa MCAL/ExtInt/EXTINT_Source.o
 .text.MEXTINT_vidWaitFlag
                0x00000000        0x8 MCAL/ExtInt/EXTINT_Source.o
 .text          0x00000000        0x0 MCAL/timer/timer.o
 .data          0x00000000        0x0 MCAL/timer/timer.o
 .bss           0x00000000        0x0 MCAL/timer/timer.o
 .text.TIMER_reset
                0x00000000       0x50 MCAL/timer/timer.o
 .text.vidTimer2_OvfIrqDisable
                0x00000000        0xa MCAL/timer/timer.o
 .text.u8Timer2_setTime_ms
                0x00000000       0xfa MCAL/timer/timer.o
 .rodata.prescaller_map
                0x00000000        0xc MCAL/timer/timer.o
 .bss.preload   0x00000000        0x2 MCAL/timer/timer.o
 .text          0x00000000        0x0 c:/program files (x86)/atmel/studio/7.0/toolchain/avr8/avr8-gnu-toolchain/bin/../lib/gcc/avr/5.4.0/../../../../avr/lib/avr5\libm.a(addsf3.o)
 .data          0x00000000        0x0 c:/program files (x86)/atmel/studio/7.0/toolchain/avr8/avr8-gnu-toolchain/bin/../lib/gcc/avr/5.4.0/../../../../avr/lib/avr5\libm.a(addsf3.o)
 .bss           0x00000000        0x0 c:/program files (x86)/atmel/studio/7.0/toolchain/avr8/avr8-gnu-toolchain/bin/../lib/gcc/avr/5.4.0/../../../../avr/lib/avr5\libm.a(addsf3.o)
 .text          0x00000000        0x0 c:/program files (x86)/atmel/studio/7.0/toolchain/avr8/avr8-gnu-toolchain/bin/../lib/gcc/avr/5.4.0/../../../../avr/lib/avr5\libm.a(addsf3x.o)
 .data          0x00000000        0x0 c:/program files (x86)/atmel/studio/7.0/toolchain/avr8/avr8-gnu-toolchain/bin/../lib/gcc/avr/5.4.0/../../../../avr/lib/avr5\libm.a(addsf3x.o)
 .bss           0x00000000        0x0 c:/program files (x86)/atmel/studio/7.0/toolchain/avr8/avr8-gnu-toolchain/bin/../lib/gcc/avr/5.4.0/../../../../avr/lib/avr5\libm.a(addsf3x.o)
 .text          0x00000000        0x0 c:/program files (x86)/atmel/studio/7.0/toolchain/avr8/avr8-gnu-toolchain/bin/../lib/gcc/avr/5.4.0/../../../../avr/lib/avr5\libm.a(divsf3.o)
 .data          0x00000000        0x0 c:/program files (x86)/atmel/studio/7.0/toolchain/avr8/avr8-gnu-toolchain/bin/../lib/gcc/avr/5.4.0/../../../../avr/lib/avr5\libm.a(divsf3.o)
 .bss           0x00000000        0x0 c:/program files (x86)/atmel/studio/7.0/toolchain/avr8/avr8-gnu-toolchain/bin/../lib/gcc/avr/5.4.0/../../../../avr/lib/avr5\libm.a(divsf3.o)
 .text          0x00000000        0x0 c:/program files (x86)/atmel/studio/7.0/toolchain/avr8/avr8-gnu-toolchain/bin/../lib/gcc/avr/5.4.0/../../../../avr/lib/avr5\libm.a(divsf3x.o)
 .data          0x00000000        0x0 c:/program files (x86)/atmel/studio/7.0/toolchain/avr8/avr8-gnu-toolchain/bin/../lib/gcc/avr/5.4.0/../../../../avr/lib/avr5\libm.a(divsf3x.o)
 .bss           0x00000000        0x0 c:/program files (x86)/atmel/studio/7.0/toolchain/avr8/avr8-gnu-toolchain/bin/../lib/gcc/avr/5.4.0/../../../../avr/lib/avr5\libm.a(divsf3x.o)
 .text          0x00000000        0x0 c:/program files (x86)/atmel/studio/7.0/toolchain/avr8/avr8-gnu-toolchain/bin/../lib/gcc/avr/5.4.0/../../../../avr/lib/avr5\libm.a(fixunssfsi.o)
 .data          0x00000000        0x0 c:/program files (x86)/atmel/studio/7.0/toolchain/avr8/avr8-gnu-toolchain/bin/../lib/gcc/avr/5.4.0/../../../../avr/lib/avr5\libm.a(fixunssfsi.o)
 .bss           0x00000000        0x0 c:/program files (x86)/atmel/studio/7.0/toolchain/avr8/avr8-gnu-toolchain/bin/../lib/gcc/avr/5.4.0/../../../../avr/lib/avr5\libm.a(fixunssfsi.o)
 .text.avr-libc.fplib
                0x00000000       0x5e c:/program files (x86)/atmel/studio/7.0/toolchain/avr8/avr8-gnu-toolchain/bin/../lib/gcc/avr/5.4.0/../../../../avr/lib/avr5\libm.a(fixunssfsi.o)
 .text          0x00000000        0x0 c:/program files (x86)/atmel/studio/7.0/toolchain/avr8/avr8-gnu-toolchain/bin/../lib/gcc/avr/5.4.0/../../../../avr/lib/avr5\libm.a(floatsisf.o)
 .data          0x00000000        0x0 c:/program files (x86)/atmel/studio/7.0/toolchain/avr8/avr8-gnu-toolchain/bin/../lib/gcc/avr/5.4.0/../../../../avr/lib/avr5\libm.a(floatsisf.o)
 .bss           0x00000000        0x0 c:/program files (x86)/atmel/studio/7.0/toolchain/avr8/avr8-gnu-toolchain/bin/../lib/gcc/avr/5.4.0/../../../../avr/lib/avr5\libm.a(floatsisf.o)
 .text          0x00000000        0x0 c:/program files (x86)/atmel/studio/7.0/toolchain/avr8/avr8-gnu-toolchain/bin/../lib/gcc/avr/5.4.0/../../../../avr/lib/avr5\libm.a(fp_inf.o)
 .data          0x00000000        0x0 c:/program files (x86)/atmel/studio/7.0/toolchain/avr8/avr8-gnu-toolchain/bin/../lib/gcc/avr/5.4.0/../../../../avr/lib/avr5\libm.a(fp_inf.o)
 .bss           0x00000000        0x0 c:/program files (x86)/atmel/studio/7.0/toolchain/avr8/avr8-gnu-toolchain/bin/../lib/gcc/avr/5.4.0/../../../../avr/lib/avr5\libm.a(fp_inf.o)
 .text          0x00000000        0x0 c:/program files (x86)/atmel/studio/7.0/toolchain/avr8/avr8-gnu-toolchain/bin/../lib/gcc/avr/5.4.0/../../../../avr/lib/avr5\libm.a(fp_nan.o)
 .data          0x00000000        0x0 c:/program files (x86)/atmel/studio/7.0/toolchain/avr8/avr8-gnu-toolchain/bin/../lib/gcc/avr/5.4.0/../../../../avr/lib/avr5\libm.a(fp_nan.o)
 .bss           0x00000000        0x0 c:/program files (x86)/atmel/studio/7.0/toolchain/avr8/avr8-gnu-toolchain/bin/../lib/gcc/avr/5.4.0/../../../../avr/lib/avr5\libm.a(fp_nan.o)
 .text          0x00000000        0x0 c:/program files (x86)/atmel/studio/7.0/toolchain/avr8/avr8-gnu-toolchain/bin/../lib/gcc/avr/5.4.0/../../../../avr/lib/avr5\libm.a(fp_pscA.o)
 .data          0x00000000        0x0 c:/program files (x86)/atmel/studio/7.0/toolchain/avr8/avr8-gnu-toolchain/bin/../lib/gcc/avr/5.4.0/../../../../avr/lib/avr5\libm.a(fp_pscA.o)
 .bss           0x00000000        0x0 c:/program files (x86)/atmel/studio/7.0/toolchain/avr8/avr8-gnu-toolchain/bin/../lib/gcc/avr/5.4.0/../../../../avr/lib/avr5\libm.a(fp_pscA.o)
 .text          0x00000000        0x0 c:/program files (x86)/atmel/studio/7.0/toolchain/avr8/avr8-gnu-toolchain/bin/../lib/gcc/avr/5.4.0/../../../../avr/lib/avr5\libm.a(fp_pscB.o)
 .data          0x00000000        0x0 c:/program files (x86)/atmel/studio/7.0/toolchain/avr8/avr8-gnu-toolchain/bin/../lib/gcc/avr/5.4.0/../../../../avr/lib/avr5\libm.a(fp_pscB.o)
 .bss           0x00000000        0x0 c:/program files (x86)/atmel/studio/7.0/toolchain/avr8/avr8-gnu-toolchain/bin/../lib/gcc/avr/5.4.0/../../../../avr/lib/avr5\libm.a(fp_pscB.o)
 .text          0x00000000        0x0 c:/program files (x86)/atmel/studio/7.0/toolchain/avr8/avr8-gnu-toolchain/bin/../lib/gcc/avr/5.4.0/../../../../avr/lib/avr5\libm.a(fp_round.o)
 .data          0x00000000        0x0 c:/program files (x86)/atmel/studio/7.0/toolchain/avr8/avr8-gnu-toolchain/bin/../lib/gcc/avr/5.4.0/../../../../avr/lib/avr5\libm.a(fp_round.o)
 .bss           0x00000000        0x0 c:/program files (x86)/atmel/studio/7.0/toolchain/avr8/avr8-gnu-toolchain/bin/../lib/gcc/avr/5.4.0/../../../../avr/lib/avr5\libm.a(fp_round.o)
 .text          0x00000000        0x0 c:/program files (x86)/atmel/studio/7.0/toolchain/avr8/avr8-gnu-toolchain/bin/../lib/gcc/avr/5.4.0/../../../../avr/lib/avr5\libm.a(fp_split3.o)
 .data          0x00000000        0x0 c:/program files (x86)/atmel/studio/7.0/toolchain/avr8/avr8-gnu-toolchain/bin/../lib/gcc/avr/5.4.0/../../../../avr/lib/avr5\libm.a(fp_split3.o)
 .bss           0x00000000        0x0 c:/program files (x86)/atmel/studio/7.0/toolchain/avr8/avr8-gnu-toolchain/bin/../lib/gcc/avr/5.4.0/../../../../avr/lib/avr5\libm.a(fp_split3.o)
 .text          0x00000000        0x0 c:/program files (x86)/atmel/studio/7.0/toolchain/avr8/avr8-gnu-toolchain/bin/../lib/gcc/avr/5.4.0/../../../../avr/lib/avr5\libm.a(fp_zero.o)
 .data          0x00000000        0x0 c:/program files (x86)/atmel/studio/7.0/toolchain/avr8/avr8-gnu-toolchain/bin/../lib/gcc/avr/5.4.0/../../../../avr/lib/avr5\libm.a(fp_zero.o)
 .bss           0x00000000        0x0 c:/program files (x86)/atmel/studio/7.0/toolchain/avr8/avr8-gnu-toolchain/bin/../lib/gcc/avr/5.4.0/../../../../avr/lib/avr5\libm.a(fp_zero.o)
 .text          0x00000000        0x0 c:/program files (x86)/atmel/studio/7.0/toolchain/avr8/avr8-gnu-toolchain/bin/../lib/gcc/avr/5.4.0/avr5\libgcc.a(_exit.o)
 .data          0x00000000        0x0 c:/program files (x86)/atmel/studio/7.0/toolchain/avr8/avr8-gnu-toolchain/bin/../lib/gcc/avr/5.4.0/avr5\libgcc.a(_exit.o)
 .bss           0x00000000        0x0 c:/program files (x86)/atmel/studio/7.0/toolchain/avr8/avr8-gnu-toolchain/bin/../lib/gcc/avr/5.4.0/avr5\libgcc.a(_exit.o)
 .text.libgcc.mul
                0x00000000        0x0 c:/program files (x86)/atmel/studio/7.0/toolchain/avr8/avr8-gnu-toolchain/bin/../lib/gcc/avr/5.4.0/avr5\libgcc.a(_exit.o)
 .text.libgcc.div
                0x00000000        0x0 c:/program files (x86)/atmel/studio/7.0/toolchain/avr8/avr8-gnu-toolchain/bin/../lib/gcc/avr/5.4.0/avr5\libgcc.a(_exit.o)
 .text.libgcc   0x00000000        0x0 c:/program files (x86)/atmel/studio/7.0/toolchain/avr8/avr8-gnu-toolchain/bin/../lib/gcc/avr/5.4.0/avr5\libgcc.a(_exit.o)
 .text.libgcc.prologue
                0x00000000        0x0 c:/program files (x86)/atmel/studio/7.0/toolchain/avr8/avr8-gnu-toolchain/bin/../lib/gcc/avr/5.4.0/avr5\libgcc.a(_exit.o)
 .text.libgcc.builtins
                0x00000000        0x0 c:/program files (x86)/atmel/studio/7.0/toolchain/avr8/avr8-gnu-toolchain/bin/../lib/gcc/avr/5.4.0/avr5\libgcc.a(_exit.o)
 .text.libgcc.fmul
                0x00000000        0x0 c:/program files (x86)/atmel/studio/7.0/toolchain/avr8/avr8-gnu-toolchain/bin/../lib/gcc/avr/5.4.0/avr5\libgcc.a(_exit.o)
 .text.libgcc.fixed
                0x00000000        0x0 c:/program files (x86)/atmel/studio/7.0/toolchain/avr8/avr8-gnu-toolchain/bin/../lib/gcc/avr/5.4.0/avr5\libgcc.a(_exit.o)
 .text          0x00000000        0x0 c:/program files (x86)/atmel/studio/7.0/toolchain/avr8/avr8-gnu-toolchain/bin/../lib/gcc/avr/5.4.0/avr5\libgcc.a(_tablejump2.o)
 .data          0x00000000        0x0 c:/program files (x86)/atmel/studio/7.0/toolchain/avr8/avr8-gnu-toolchain/bin/../lib/gcc/avr/5.4.0/avr5\libgcc.a(_tablejump2.o)
 .bss           0x00000000        0x0 c:/program files (x86)/atmel/studio/7.0/toolchain/avr8/avr8-gnu-toolchain/bin/../lib/gcc/avr/5.4.0/avr5\libgcc.a(_tablejump2.o)
 .text.libgcc.mul
                0x00000000        0x0 c:/program files (x86)/atmel/studio/7.0/toolchain/avr8/avr8-gnu-toolchain/bin/../lib/gcc/avr/5.4.0/avr5\libgcc.a(_tablejump2.o)
 .text.libgcc.div
                0x00000000        0x0 c:/program files (x86)/atmel/studio/7.0/toolchain/avr8/avr8-gnu-toolchain/bin/../lib/gcc/avr/5.4.0/avr5\libgcc.a(_tablejump2.o)
 .text.libgcc.prologue
                0x00000000        0x0 c:/program files (x86)/atmel/studio/7.0/toolchain/avr8/avr8-gnu-toolchain/bin/../lib/gcc/avr/5.4.0/avr5\libgcc.a(_tablejump2.o)
 .text.libgcc.builtins
                0x00000000        0x0 c:/program files (x86)/atmel/studio/7.0/toolchain/avr8/avr8-gnu-toolchain/bin/../lib/gcc/avr/5.4.0/avr5\libgcc.a(_tablejump2.o)
 .text.libgcc.fmul
                0x00000000        0x0 c:/program files (x86)/atmel/studio/7.0/toolchain/avr8/avr8-gnu-toolchain/bin/../lib/gcc/avr/5.4.0/avr5\libgcc.a(_tablejump2.o)
 .text.libgcc.fixed
                0x00000000        0x0 c:/program files (x86)/atmel/studio/7.0/toolchain/avr8/avr8-gnu-toolchain/bin/../lib/gcc/avr/5.4.0/avr5\libgcc.a(_tablejump2.o)
 .text          0x00000000        0x0 c:/program files (x86)/atmel/studio/7.0/toolchain/avr8/avr8-gnu-toolchain/bin/../lib/gcc/avr/5.4.0/avr5\libgcc.a(_copy_data.o)
 .data          0x00000000        0x0 c:/program files (x86)/atmel/studio/7.0/toolchain/avr8/avr8-gnu-toolchain/bin/../lib/gcc/avr/5.4.0/avr5\libgcc.a(_copy_data.o)
 .bss           0x00000000        0x0 c:/program files (x86)/atmel/studio/7.0/toolchain/avr8/avr8-gnu-toolchain/bin/../lib/gcc/avr/5.4.0/avr5\libgcc.a(_copy_data.o)
 .text.libgcc.mul
                0x00000000        0x0 c:/program files (x86)/atmel/studio/7.0/toolchain/avr8/avr8-gnu-toolchain/bin/../lib/gcc/avr/5.4.0/avr5\libgcc.a(_copy_data.o)
 .text.libgcc.div
                0x00000000        0x0 c:/program files (x86)/atmel/studio/7.0/toolchain/avr8/avr8-gnu-toolchain/bin/../lib/gcc/avr/5.4.0/avr5\libgcc.a(_copy_data.o)
 .text.libgcc   0x00000000        0x0 c:/program files (x86)/atmel/studio/7.0/toolchain/avr8/avr8-gnu-toolchain/bin/../lib/gcc/avr/5.4.0/avr5\libgcc.a(_copy_data.o)
 .text.libgcc.prologue
                0x00000000        0x0 c:/program files (x86)/atmel/studio/7.0/toolchain/avr8/avr8-gnu-toolchain/bin/../lib/gcc/avr/5.4.0/avr5\libgcc.a(_copy_data.o)
 .text.libgcc.builtins
                0x00000000        0x0 c:/program files (x86)/atmel/studio/7.0/toolchain/avr8/avr8-gnu-toolchain/bin/../lib/gcc/avr/5.4.0/avr5\libgcc.a(_copy_data.o)
 .text.libgcc.fmul
                0x00000000        0x0 c:/program files (x86)/atmel/studio/7.0/toolchain/avr8/avr8-gnu-toolchain/bin/../lib/gcc/avr/5.4.0/avr5\libgcc.a(_copy_data.o)
 .text.libgcc.fixed
                0x00000000        0x0 c:/program files (x86)/atmel/studio/7.0/toolchain/avr8/avr8-gnu-toolchain/bin/../lib/gcc/avr/5.4.0/avr5\libgcc.a(_copy_data.o)
 .text          0x00000000        0x0 c:/program files (x86)/atmel/studio/7.0/toolchain/avr8/avr8-gnu-toolchain/bin/../lib/gcc/avr/5.4.0/avr5\libgcc.a(_clear_bss.o)
 .data          0x00000000        0x0 c:/program files (x86)/atmel/studio/7.0/toolchain/avr8/avr8-gnu-toolchain/bin/../lib/gcc/avr/5.4.0/avr5\libgcc.a(_clear_bss.o)
 .bss           0x00000000        0x0 c:/program files (x86)/atmel/studio/7.0/toolchain/avr8/avr8-gnu-toolchain/bin/../lib/gcc/avr/5.4.0/avr5\libgcc.a(_clear_bss.o)
 .text.libgcc.mul
                0x00000000        0x0 c:/program files (x86)/atmel/studio/7.0/toolchain/avr8/avr8-gnu-toolchain/bin/../lib/gcc/avr/5.4.0/avr5\libgcc.a(_clear_bss.o)
 .text.libgcc.div
                0x00000000        0x0 c:/program files (x86)/atmel/studio/7.0/toolchain/avr8/avr8-gnu-toolchain/bin/../lib/gcc/avr/5.4.0/avr5\libgcc.a(_clear_bss.o)
 .text.libgcc   0x00000000        0x0 c:/program files (x86)/atmel/studio/7.0/toolchain/avr8/avr8-gnu-toolchain/bin/../lib/gcc/avr/5.4.0/avr5\libgcc.a(_clear_bss.o)
 .text.libgcc.prologue
                0x00000000        0x0 c:/program files (x86)/atmel/studio/7.0/toolchain/avr8/avr8-gnu-toolchain/bin/../lib/gcc/avr/5.4.0/avr5\libgcc.a(_clear_bss.o)
 .text.libgcc.builtins
                0x00000000        0x0 c:/program files (x86)/atmel/studio/7.0/toolchain/avr8/avr8-gnu-toolchain/bin/../lib/gcc/avr/5.4.0/avr5\libgcc.a(_clear_bss.o)
 .text.libgcc.fmul
                0x00000000        0x0 c:/program files (x86)/atmel/studio/7.0/toolchain/avr8/avr8-gnu-toolchain/bin/../lib/gcc/avr/5.4.0/avr5\libgcc.a(_clear_bss.o)
 .text.libgcc.fixed
                0x00000000        0x0 c:/program files (x86)/atmel/studio/7.0/toolchain/avr8/avr8-gnu-toolchain/bin/../lib/gcc/avr/5.4.0/avr5\libgcc.a(_clear_bss.o)
 .text          0x00000000        0x0 c:/program files (x86)/atmel/studio/7.0/toolchain/avr8/avr8-gnu-toolchain/bin/../lib/gcc/avr/5.4.0/../../../../avr/lib/avr5\libc.a(itoa_ncheck.o)
 .data          0x00000000        0x0 c:/program files (x86)/atmel/studio/7.0/toolchain/avr8/avr8-gnu-toolchain/bin/../lib/gcc/avr/5.4.0/../../../../avr/lib/avr5\libc.a(itoa_ncheck.o)
 .bss           0x00000000        0x0 c:/program files (x86)/atmel/studio/7.0/toolchain/avr8/avr8-gnu-toolchain/bin/../lib/gcc/avr/5.4.0/../../../../avr/lib/avr5\libc.a(itoa_ncheck.o)
 .text.avr-libc
                0x00000000       0x16 c:/program files (x86)/atmel/studio/7.0/toolchain/avr8/avr8-gnu-toolchain/bin/../lib/gcc/avr/5.4.0/../../../../avr/lib/avr5\libc.a(itoa_ncheck.o)
 .text          0x00000000        0x0 c:/program files (x86)/atmel/studio/7.0/toolchain/avr8/avr8-gnu-toolchain/bin/../lib/gcc/avr/5.4.0/../../../../avr/lib/avr5\libc.a(utoa_ncheck.o)
 .data          0x00000000        0x0 c:/program files (x86)/atmel/studio/7.0/toolchain/avr8/avr8-gnu-toolchain/bin/../lib/gcc/avr/5.4.0/../../../../avr/lib/avr5\libc.a(utoa_ncheck.o)
 .bss           0x00000000        0x0 c:/program files (x86)/atmel/studio/7.0/toolchain/avr8/avr8-gnu-toolchain/bin/../lib/gcc/avr/5.4.0/../../../../avr/lib/avr5\libc.a(utoa_ncheck.o)
 .text.avr-libc
                0x00000000       0x34 c:/program files (x86)/atmel/studio/7.0/toolchain/avr8/avr8-gnu-toolchain/bin/../lib/gcc/avr/5.4.0/../../../../avr/lib/avr5\libc.a(utoa_ncheck.o)
 .text          0x00000000        0x0 c:/program files (x86)/atmel/studio/7.0/toolchain/avr8/avr8-gnu-toolchain/bin/../lib/gcc/avr/5.4.0/../../../../avr/lib/avr5\libc.a(strrev.o)
 .data          0x00000000        0x0 c:/program files (x86)/atmel/studio/7.0/toolchain/avr8/avr8-gnu-toolchain/bin/../lib/gcc/avr/5.4.0/../../../../avr/lib/avr5\libc.a(strrev.o)
 .bss           0x00000000        0x0 c:/program files (x86)/atmel/studio/7.0/toolchain/avr8/avr8-gnu-toolchain/bin/../lib/gcc/avr/5.4.0/../../../../avr/lib/avr5\libc.a(strrev.o)
 .text.avr-libc
                0x00000000       0x20 c:/program files (x86)/atmel/studio/7.0/toolchain/avr8/avr8-gnu-toolchain/bin/../lib/gcc/avr/5.4.0/../../../../avr/lib/avr5\libc.a(strrev.o)

Memory Configuration

Name             Origin             Length             Attributes
text             0x00000000         0x00008000         xr
data             0x00800060         0x00000800         rw !x
eeprom           0x00810000         0x00000400         rw !x
fuse             0x00820000         0x00000002         rw !x
lock             0x00830000         0x00000400         rw !x
signature        0x00840000         0x00000400         rw !x
user_signatures  0x00850000         0x00000400         rw !x
*default*        0x00000000         0xffffffff

Linker script and memory map

LOAD C:/Program Files (x86)/Atmel/Studio/7.0/Packs/atmel/ATmega_DFP/1.6.364/gcc/dev/atmega32/avr5/crtatmega32.o
LOAD APP/app.o
LOAD HAL/button/button.o
LOAD HAL/hextInt/HExtInt.o
LOAD HAL/hlcd/hlcd_Configure.o
LOAD HAL/hlcd/hlcd_Source.o
LOAD HAL/keypad/keypad and LCD intergration.o
LOAD HAL/keypad/keypad.o
LOAD HAL/motor/motor.o
LOAD HAL/timer_manager/timer_manager.o
LOAD HAL/Ultrasonic/ultrasonic.o
LOAD HAL/Ultrasonic/ultrasonic_cfg.o
LOAD main.o
LOAD MCAL/dio/dio.o
LOAD MCAL/ExtInt/EXTINT_Source.o
LOAD MCAL/timer/timer.o
START GROUP
LOAD c:/program files (x86)/atmel/studio/7.0/toolchain/avr8/avr8-gnu-toolchain/bin/../lib/gcc/avr/5.4.0/../../../../avr/lib/avr5\libm.a
END GROUP
START GROUP
LOAD c:/program files (x86)/atmel/studio/7.0/toolchain/avr8/avr8-gnu-toolchain/bin/../lib/gcc/avr/5.4.0/avr5\libgcc.a
LOAD c:/program files (x86)/atmel/studio/7.0/toolchain/avr8/avr8-gnu-toolchain/bin/../lib/gcc/avr/5.4.0/../../../../avr/lib/avr5\libm.a
LOAD c:/program files (x86)/atmel/studio/7.0/toolchain/avr8/avr8-gnu-toolchain/bin/../lib/gcc/avr/5.4.0/../../../../avr/lib/avr5\libc.a
LOAD C:/Program Files (x86)/Atmel/Studio/7.0/Packs/atmel/ATmega_DFP/1.6.364/gcc/dev/atmega32/avr5\libatmega32.a
END GROUP
                0x00000000                __TEXT_REGION_ORIGIN__ = DEFINED (__TEXT_REGION_ORIGIN__)?__TEXT_REGION_ORIGIN__:0x0
                [0x00800060]                __DATA_REGION_ORIGIN__ = DEFINED (__DATA_REGION_ORIGIN__)?__DATA_REGION_ORIGIN__:0x800060
                [0x00008000]                __TEXT_REGION_LENGTH__ = DEFINED (__TEXT_REGION_LENGTH__)?__TEXT_REGION_LENGTH__:0x20000
                [0x00000800]                __DATA_REGION_LENGTH__ = DEFINED (__DATA_REGION_LENGTH__)?__DATA_REGION_LENGTH__:0xffa0
                [0x00000400]                __EEPROM_REGION_LENGTH__ = DEFINED (__EEPROM_REGION_LENGTH__)?__EEPROM_REGION_LENGTH__:0x10000
                [0x00000002]                __FUSE_REGION_LENGTH__ = DEFINED (__FUSE_REGION_LENGTH__)?__FUSE_REGION_LENGTH__:0x400
                0x00000400                __LOCK_REGION_LENGTH__ = DEFINED (__LOCK_REGION_LENGTH__)?__LOCK_REGION_LENGTH__:0x400
                0x00000400                __SIGNATURE_REGION_LENGTH__ = DEFINED (__SIGNATURE_REGION_LENGTH__)?__SIGNATURE_REGION_LENGTH__:0x400
                0x00000400                __USER_SIGNATURE_REGION_LENGTH__ = DEFINED (__USER_SIGNATURE_REGION_LENGTH__)?__USER_SIGNATURE_REGION_LENGTH__:0x400

.hash
 *(.hash)

.dynsym
 *(.dynsym)

.dynstr
 *(.dynstr)

.gnu.version
 *(.gnu.version)

.gnu.version_d
 *(.gnu.version_d)

.gnu.version_r
 *(.gnu.version_r)

.rel.init
 *(.rel.init)

.rela.init
 *(.rela.init)

.rel.text
 *(.rel.text)
 *(.rel.text.*)
 *(.rel.gnu.linkonce.t*)

.rela.text
 *(.rela.text)
 *(.rela.text.*)
 *(.rela.gnu.linkonce.t*)

.rel.fini
 *(.rel.fini)

.rela.fini
 *(.rela.fini)

.rel.rodata
 *(.rel.rodata)
 *(.rel.rodata.*)
 *(.rel.gnu.linkonce.r*)

.rela.rodata
 *(.rela.rodata)
 *(.rela.rodata.*)
 *(.rela.gnu.linkonce.r*)

.rel.data
 *(.rel.data)
 *(.rel.data.*)
 *(.rel.gnu.linkonce.d*)

.rela.data
 *(.rela.data)
 *(.rela.data.*)
 *(.rela.gnu.linkonce.d*)

.rel.ctors
 *(.rel.ctors)

.rela.ctors
 *(.rela.ctors)

.rel.dtors
 *(.rel.dtors)

.rela.dtors
 *(.rela.dtors)

.rel.got
 *(.rel.got)

.rela.got
 *(.rela.got)

.rel.bss
 *(.rel.bss)

.rela.bss
 *(.rela.bss)

.rel.plt
 *(.rel.plt)

.rela.plt
 *(.rela.plt)

.text           0x00000000     0x1730
 *(.vectors)
 .vectors       0x00000000       0x54 C:/Program Files (x86)/Atmel/Studio/7.0/Packs/atmel/ATmega_DFP/1.6.364/gcc/dev/atmega32/avr5/crtatmega32.o
                0x00000000                __vector_default
                0x00000000                __vectors
 *(.vectors)
 *(.progmem.gcc*)
 .progmem.gcc_sw_table.TIMER_start
                0x00000054       0x38 MCAL/timer/timer.o
                0x0000008c                . = ALIGN (0x2)
                0x0000008c                __trampolines_start = .
 *(.trampolines)
 .trampolines   0x0000008c        0x0 linker stubs
 *(.trampolines*)
                0x0000008c                __trampolines_end = .
 *libprintf_flt.a:*(.progmem.data)
 *libc.a:*(.progmem.data)
 *(.progmem*)
                0x0000008c                . = ALIGN (0x2)
 *(.jumptables)
 *(.jumptables*)
 *(.lowtext)
 *(.lowtext*)
                0x0000008c                __ctors_start = .
 *(.ctors)
                0x0000008c                __ctors_end = .
                0x0000008c                __dtors_start = .
 *(.dtors)
                0x0000008c                __dtors_end = .
 SORT(*)(.ctors)
 SORT(*)(.dtors)
 *(.init0)
 .init0         0x0000008c        0x0 C:/Program Files (x86)/Atmel/Studio/7.0/Packs/atmel/ATmega_DFP/1.6.364/gcc/dev/atmega32/avr5/crtatmega32.o
                0x0000008c                __init
 *(.init0)
 *(.init1)
 *(.init1)
 *(.init2)
 .init2         0x0000008c        0xc C:/Program Files (x86)/Atmel/Studio/7.0/Packs/atmel/ATmega_DFP/1.6.364/gcc/dev/atmega32/avr5/crtatmega32.o
 *(.init2)
 *(.init3)
 *(.init3)
 *(.init4)
 .init4         0x00000098       0x16 c:/program files (x86)/atmel/studio/7.0/toolchain/avr8/avr8-gnu-toolchain/bin/../lib/gcc/avr/5.4.0/avr5\libgcc.a(_copy_data.o)
                0x00000098                __do_copy_data
 .init4         0x000000ae       0x10 c:/program files (x86)/atmel/studio/7.0/toolchain/avr8/avr8-gnu-toolchain/bin/../lib/gcc/avr/5.4.0/avr5\libgcc.a(_clear_bss.o)
                0x000000ae                __do_clear_bss
 *(.init4)
 *(.init5)
 *(.init5)
 *(.init6)
 *(.init6)
 *(.init7)
 *(.init7)
 *(.init8)
 *(.init8)
 *(.init9)
 .init9         0x000000be        0x8 C:/Program Files (x86)/Atmel/Studio/7.0/Packs/atmel/ATmega_DFP/1.6.364/gcc/dev/atmega32/avr5/crtatmega32.o
 *(.init9)
 *(.text)
 .text          0x000000c6        0x4 C:/Program Files (x86)/Atmel/Studio/7.0/Packs/atmel/ATmega_DFP/1.6.364/gcc/dev/atmega32/avr5/crtatmega32.o
                0x000000c6                __vector_12
                0x000000c6                __bad_interrupt
                0x000000c6                __vector_6
                0x000000c6                __vector_13
                0x000000c6                __vector_17
                0x000000c6                __vector_19
                0x000000c6                __vector_7
                0x000000c6                __vector_4
                0x000000c6                __vector_15
                0x000000c6                __vector_8
                0x000000c6                __vector_14
                0x000000c6                __vector_10
                0x000000c6                __vector_16
                0x000000c6                __vector_18
                0x000000c6                __vector_20
                0x000000ca                . = ALIGN (0x2)
 *(.text.*)
 .text.TIMER1_callBackFunc
                0x000000ca        0xc APP/app.o
                0x000000ca                TIMER1_callBackFunc
 .text.BUTTON_vidChangeDir
                0x000000d6       0x58 APP/app.o
                0x000000d6                BUTTON_vidChangeDir
 .text.APP_vidInit
                0x0000012e       0x3e APP/app.o
                0x0000012e                APP_vidInit
 .text.APP_updateDirection
                0x0000016c       0x4e APP/app.o
                0x0000016c                APP_updateDirection
 .text.APP_vidStart
                0x000001ba       0xf0 APP/app.o
                0x000001ba                APP_vidStart
 .text.HExtInt_enInit
                0x000002aa       0x2c HAL/hextInt/HExtInt.o
                0x000002aa                HExtInt_enInit
 .text.HExtInt_enCBFInt0
                0x000002d6       0x10 HAL/hextInt/HExtInt.o
                0x000002d6                HExtInt_enCBFInt0
 .text.HExtInt0_enIntDisable
                0x000002e6        0x6 HAL/hextInt/HExtInt.o
                0x000002e6                HExtInt0_enIntDisable
 .text.HExtInt0_enIntEnable
                0x000002ec        0x6 HAL/hextInt/HExtInt.o
                0x000002ec                HExtInt0_enIntEnable
 .text.HLCD_vidWritecmd
                0x000002f2       0xf4 HAL/hlcd/hlcd_Source.o
                0x000002f2                HLCD_vidWritecmd
 .text.HLCD_vidInit
                0x000003e6       0xc2 HAL/hlcd/hlcd_Source.o
                0x000003e6                HLCD_vidInit
 .text.HLCD_vidWriteChar
                0x000004a8       0xf4 HAL/hlcd/hlcd_Source.o
                0x000004a8                HLCD_vidWriteChar
 .text.HLCD_ClrDisplay
                0x0000059c       0x2e HAL/hlcd/hlcd_Source.o
                0x0000059c                HLCD_ClrDisplay
 .text.HLCD_gotoXY
                0x000005ca       0x30 HAL/hlcd/hlcd_Source.o
                0x000005ca                HLCD_gotoXY
 .text.HLCD_WriteString
                0x000005fa       0x3a HAL/hlcd/hlcd_Source.o
                0x000005fa                HLCD_WriteString
 .text.KEYPAD_init
                0x00000634       0x7a HAL/keypad/keypad.o
                0x00000634                KEYPAD_init
 .text.KEYPAD_read
                0x000006ae       0xfa HAL/keypad/keypad.o
                0x000006ae                KEYPAD_read
 .text.TIMER_Manager_init
                0x000007a8       0x40 HAL/timer_manager/timer_manager.o
                0x000007a8                TIMER_Manager_init
 .text.TIMER_Manager_start
                0x000007e8       0x24 HAL/timer_manager/timer_manager.o
                0x000007e8                TIMER_Manager_start
 .text.TIMER_Manager_stop
                0x0000080c        0xe HAL/timer_manager/timer_manager.o
                0x0000080c                TIMER_Manager_stop
 .text.HULTRASONIC_vidTrigger
                0x0000081a       0x1e HAL/Ultrasonic/ultrasonic.o
 .text.HULTRASONIC_vidTimerCBF
                0x00000838       0x28 HAL/Ultrasonic/ultrasonic.o
                0x00000838                HULTRASONIC_vidTimerCBF
 .text.HULTRASONIC_vidSigCalc
                0x00000860       0xe8 HAL/Ultrasonic/ultrasonic.o
                0x00000860                HULTRASONIC_vidSigCalc
 .text.HULTRASONIC_vidInit
                0x00000948       0x3c HAL/Ultrasonic/ultrasonic.o
                0x00000948                HULTRASONIC_vidInit
 .text.HULTRASONIC_u8Read
                0x00000984       0x16 HAL/Ultrasonic/ultrasonic.o
                0x00000984                HULTRASONIC_u8Read
 .text.HULTRASONIC_vidCBF_TIM
                0x0000099a        0x6 HAL/Ultrasonic/ultrasonic.o
                0x0000099a                HULTRASONIC_vidCBF_TIM
 .text.HULTRASONIC_vidCBF_INT
                0x000009a0        0x6 HAL/Ultrasonic/ultrasonic.o
                0x000009a0                HULTRASONIC_vidCBF_INT
 .text.main     0x000009a6        0xa main.o
                0x000009a6                main
 .text.DIO_init
                0x000009b0       0x74 MCAL/dio/dio.o
                0x000009b0                DIO_init
 .text.DIO_writePIN
                0x00000a24       0xf6 MCAL/dio/dio.o
                0x00000a24                DIO_writePIN
 .text.DIO_readPIN
                0x00000b1a       0xd6 MCAL/dio/dio.o
                0x00000b1a                DIO_readPIN
 .text.vidExtInt_init
                0x00000bf0      0x106 MCAL/ExtInt/EXTINT_Source.o
                0x00000bf0                vidExtInt_init
 .text.MEXTINT_vidCallBackFuncInt0
                0x00000cf6        0xa MCAL/ExtInt/EXTINT_Source.o
                0x00000cf6                MEXTINT_vidCallBackFuncInt0
 .text.MEXTINT_vidCallBackFunc
                0x00000d00        0xa MCAL/ExtInt/EXTINT_Source.o
                0x00000d00                MEXTINT_vidCallBackFunc
 .text.MEXTINT_vidDisableInterrupt
                0x00000d0a        0x8 MCAL/ExtInt/EXTINT_Source.o
                0x00000d0a                MEXTINT_vidDisableInterrupt
 .text.MEXTINT_vidEnableInterrupt
                0x00000d12        0xe MCAL/ExtInt/EXTINT_Source.o
                0x00000d12                MEXTINT_vidEnableInterrupt
 .text.__vector_1
                0x00000d20       0x4e MCAL/ExtInt/EXTINT_Source.o
                0x00000d20                __vector_1
 .text.__vector_2
                0x00000d6e       0x4e MCAL/ExtInt/EXTINT_Source.o
                0x00000d6e                __vector_2
 .text.__vector_3
                0x00000dbc       0x4e MCAL/ExtInt/EXTINT_Source.o
                0x00000dbc                __vector_3
 .text.__vector_11
                0x00000e0a       0x60 MCAL/timer/timer.o
                0x00000e0a                __vector_11
 .text.__vector_9
                0x00000e6a       0x60 MCAL/timer/timer.o
                0x00000e6a                __vector_9
 .text.TIMER_init
                0x00000eca      0x112 MCAL/timer/timer.o
                0x00000eca                TIMER_init
 .text.TIMER_start
                0x00000fdc      0x298 MCAL/timer/timer.o
                0x00000fdc                TIMER_start
 .text.TIMER_stop
                0x00001274       0x5a MCAL/timer/timer.o
                0x00001274                TIMER_stop
 .text.TIMER_setCallBack
                0x000012ce       0x3a MCAL/timer/timer.o
                0x000012ce                TIMER_setCallBack
 .text.enuTimer2_init
                0x00001308       0x5e MCAL/timer/timer.o
                0x00001308                enuTimer2_init
 .text.u8Timer2_setPrescallar
                0x00001366       0x28 MCAL/timer/timer.o
                0x00001366                u8Timer2_setPrescallar
 .text.vidTimer2_OvfIrqEnable
                0x0000138e       0x10 MCAL/timer/timer.o
                0x0000138e                vidTimer2_OvfIrqEnable
 .text.vidTimer2_start
                0x0000139e       0x14 MCAL/timer/timer.o
                0x0000139e                vidTimer2_start
 .text.vidTimer2_stop
                0x000013b2        0xe MCAL/timer/timer.o
                0x000013b2                vidTimer2_stop
 .text.vidTimer2_setcbf_OVF
                0x000013c0        0xe MCAL/timer/timer.o
                0x000013c0                vidTimer2_setcbf_OVF
 .text.MTIMER_vidResetTCNT
                0x000013ce        0x4 MCAL/timer/timer.o
                0x000013ce                MTIMER_vidResetTCNT
 .text.MTIMER_u8GetTCNT
                0x000013d2        0x4 MCAL/timer/timer.o
                0x000013d2                MTIMER_u8GetTCNT
 .text.MTIMER_vidEnableGlobalInterrupt
                0x000013d6        0x8 MCAL/timer/timer.o
                0x000013d6                MTIMER_vidEnableGlobalInterrupt
 .text.__vector_5
                0x000013de       0x68 MCAL/timer/timer.o
                0x000013de                __vector_5
 .text.avr-libc.fplib
                0x00001446        0xe c:/program files (x86)/atmel/studio/7.0/toolchain/avr8/avr8-gnu-toolchain/bin/../lib/gcc/avr/5.4.0/../../../../avr/lib/avr5\libm.a(addsf3.o)
                0x00001446                __subsf3
                0x00001448                __addsf3
 .text.avr-libc.fplib
                0x00001454       0xcc c:/program files (x86)/atmel/studio/7.0/toolchain/avr8/avr8-gnu-toolchain/bin/../lib/gcc/avr/5.4.0/../../../../avr/lib/avr5\libm.a(addsf3x.o)
                0x00001476                __addsf3x
 .text.avr-libc.fplib
                0x00001520        0x8 c:/program files (x86)/atmel/studio/7.0/toolchain/avr8/avr8-gnu-toolchain/bin/../lib/gcc/avr/5.4.0/../../../../avr/lib/avr5\libm.a(divsf3.o)
                0x00001520                __divsf3
 .text.avr-libc.fplib
                0x00001528       0xdc c:/program files (x86)/atmel/studio/7.0/toolchain/avr8/avr8-gnu-toolchain/bin/../lib/gcc/avr/5.4.0/../../../../avr/lib/avr5\libm.a(divsf3x.o)
                0x00001548                __divsf3x
                0x0000154e                __divsf3_pse
 .text.avr-libc.fplib
                0x00001604       0x7a c:/program files (x86)/atmel/studio/7.0/toolchain/avr8/avr8-gnu-toolchain/bin/../lib/gcc/avr/5.4.0/../../../../avr/lib/avr5\libm.a(floatsisf.o)
                0x00001604                __floatunsisf
                0x00001608                __floatsisf
 .text.avr-libc.fplib
                0x0000167e        0xc c:/program files (x86)/atmel/studio/7.0/toolchain/avr8/avr8-gnu-toolchain/bin/../lib/gcc/avr/5.4.0/../../../../avr/lib/avr5\libm.a(fp_inf.o)
                0x0000167e                __fp_inf
 .text.avr-libc.fplib
                0x0000168a        0x6 c:/program files (x86)/atmel/studio/7.0/toolchain/avr8/avr8-gnu-toolchain/bin/../lib/gcc/avr/5.4.0/../../../../avr/lib/avr5\libm.a(fp_nan.o)
                0x0000168a                __fp_nan
 .text.avr-libc.fplib
                0x00001690        0xe c:/program files (x86)/atmel/studio/7.0/toolchain/avr8/avr8-gnu-toolchain/bin/../lib/gcc/avr/5.4.0/../../../../avr/lib/avr5\libm.a(fp_pscA.o)
                0x00001690                __fp_pscA
 .text.avr-libc.fplib
                0x0000169e        0xe c:/program files (x86)/atmel/studio/7.0/toolchain/avr8/avr8-gnu-toolchain/bin/../lib/gcc/avr/5.4.0/../../../../avr/lib/avr5\libm.a(fp_pscB.o)
                0x0000169e                __fp_pscB
 .text.avr-libc.fplib
                0x000016ac       0x22 c:/program files (x86)/atmel/studio/7.0/toolchain/avr8/avr8-gnu-toolchain/bin/../lib/gcc/avr/5.4.0/../../../../avr/lib/avr5\libm.a(fp_round.o)
                0x000016ac                __fp_round
 .text.avr-libc.fplib
                0x000016ce       0x44 c:/program files (x86)/atmel/studio/7.0/toolchain/avr8/avr8-gnu-toolchain/bin/../lib/gcc/avr/5.4.0/../../../../avr/lib/avr5\libm.a(fp_split3.o)
                0x000016ce                __fp_split3
                0x000016de                __fp_splitA
 .text.avr-libc.fplib
                0x00001712        0xe c:/program files (x86)/atmel/studio/7.0/toolchain/avr8/avr8-gnu-toolchain/bin/../lib/gcc/avr/5.4.0/../../../../avr/lib/avr5\libm.a(fp_zero.o)
                0x00001712                __fp_zero
                0x00001714                __fp_szero
 .text.libgcc   0x00001720        0xc c:/program files (x86)/atmel/studio/7.0/toolchain/avr8/avr8-gnu-toolchain/bin/../lib/gcc/avr/5.4.0/avr5\libgcc.a(_tablejump2.o)
                0x00001720                __tablejump2__
                0x0000172c                . = ALIGN (0x2)
 *(.fini9)
 .fini9         0x0000172c        0x0 c:/program files (x86)/atmel/studio/7.0/toolchain/avr8/avr8-gnu-toolchain/bin/../lib/gcc/avr/5.4.0/avr5\libgcc.a(_exit.o)
                0x0000172c                _exit
                0x0000172c                exit
 *(.fini9)
 *(.fini8)
 *(.fini8)
 *(.fini7)
 *(.fini7)
 *(.fini6)
 *(.fini6)
 *(.fini5)
 *(.fini5)
 *(.fini4)
 *(.fini4)
 *(.fini3)
 *(.fini3)
 *(.fini2)
 *(.fini2)
 *(.fini1)
 *(.fini1)
 *(.fini0)
 .fini0         0x0000172c        0x4 c:/program files (x86)/atmel/studio/7.0/toolchain/avr8/avr8-gnu-toolchain/bin/../lib/gcc/avr/5.4.0/avr5\libgcc.a(_exit.o)
 *(.fini0)
                0x00001730                _etext = .

.data           0x00800060       0x62 load address 0x00001730
                0x00800060                PROVIDE (__data_start, .)
 *(.data)
 *(.data*)
 .data.st_timer1Config
                0x00800060        0x7 APP/app.o
                0x00800060                st_timer1Config
 .data.st_gs_keypadConfig
                0x00800067        0xe APP/app.o
                0x00800067                st_gs_keypadConfig
 .data.en_motorSel
                0x00800075        0x1 APP/app.o
                0x00800075                en_motorSel
 .data.g_u8_motorDir
                0x00800076        0x2 APP/app.o
                0x00800076                g_u8_motorDir
 .data.dataPin  0x00800078        0x8 HAL/hlcd/hlcd_Configure.o
                0x00800078                dataPin
 .data.global_ovf
                0x00800080        0x1 MCAL/timer/timer.o
 *(.gnu.linkonce.d*)
 *(.rodata)
 *(.rodata*)
 .rodata.str1.1
                0x00800081       0x35 APP/app.o
 .rodata.keypad
                0x008000b6        0xc HAL/keypad/keypad.o
 *(.gnu.linkonce.r*)
                0x008000c2                . = ALIGN (0x2)
                0x008000c2                _edata = .
                0x008000c2                PROVIDE (__data_end, .)

.bss            0x008000c2       0x2a
                0x008000c2                PROVIDE (__bss_start, .)
 *(.bss)
 *(.bss*)
 .bss.L_flag.1959
                0x008000c2        0x2 APP/app.o
 .bss.counter.1958
                0x008000c4        0x2 APP/app.o
 .bss.u8_g_OneSecTicks
                0x008000c6        0x1 APP/app.o
                0x008000c6                u8_g_OneSecTicks
 .bss.flag3     0x008000c7        0x1 APP/app.o
                0x008000c7                flag3
 .bss.flag2     0x008000c8        0x1 APP/app.o
                0x008000c8                flag2
 .bss.flag1     0x008000c9        0x1 APP/app.o
                0x008000c9                flag1
 .bss.global_f64distance
                0x008000ca        0x4 HAL/Ultrasonic/ultrasonic.o
 .bss.g_v_u8_flag
                0x008000ce        0x1 HAL/Ultrasonic/ultrasonic.o
                0x008000ce                g_v_u8_flag
 .bss.g_v_u16_ovfCounts
                0x008000cf        0x4 HAL/Ultrasonic/ultrasonic.o
                0x008000cf                g_v_u16_ovfCounts
 .bss.callBackFunc
                0x008000d3        0x2 MCAL/ExtInt/EXTINT_Source.o
                0x008000d3                callBackFunc
 .bss.callBack  0x008000d5        0x2 MCAL/ExtInt/EXTINT_Source.o
                0x008000d5                callBack
 .bss.callBackFuncInt0
                0x008000d7        0x2 MCAL/ExtInt/EXTINT_Source.o
                0x008000d7                callBackFuncInt0
 .bss.counter.1821
                0x008000d9        0x1 MCAL/timer/timer.o
 .bss.globalCallFunc
                0x008000da        0x2 MCAL/timer/timer.o
 .bss.global_timerStatus
                0x008000dc        0x1 MCAL/timer/timer.o
 .bss.global_prescaller
                0x008000dd        0x1 MCAL/timer/timer.o
 .bss.sg_Timer1_callBackPtr
                0x008000de        0x2 MCAL/timer/timer.o
 .bss.sg_Timer0_callBackPtr
                0x008000e0        0x2 MCAL/timer/timer.o
 *(COMMON)
 COMMON         0x008000e2        0x5 APP/app.o
                0x008000e2                u8KeyRead
                0x008000e3                global_f64Dist
 COMMON         0x008000e7        0x5 HAL/Ultrasonic/ultrasonic.o
                0x008000e7                g_v_u8_cap
                0x008000e8                g_v_u16_ovf
                0x008000ec                PROVIDE (__bss_end, .)
                0x00001730                __data_load_start = LOADADDR (.data)
                0x00001792                __data_load_end = (__data_load_start + SIZEOF (.data))

.noinit         0x008000ec        0x0
                [!provide]                PROVIDE (__noinit_start, .)
 *(.noinit*)
                [!provide]                PROVIDE (__noinit_end, .)
                0x008000ec                _end = .
                [!provide]                PROVIDE (__heap_start, .)

.eeprom         0x00810000        0x0
 *(.eeprom*)
                0x00810000                __eeprom_end = .

.fuse
 *(.fuse)
 *(.lfuse)
 *(.hfuse)
 *(.efuse)

.lock
 *(.lock*)

.signature
 *(.signature*)

.user_signatures
 *(.user_signatures*)

.stab
 *(.stab)

.stabstr
 *(.stabstr)

.stab.excl
 *(.stab.excl)

.stab.exclstr
 *(.stab.exclstr)

.stab.index
 *(.stab.index)

.stab.indexstr
 *(.stab.indexstr)

.comment        0x00000000       0x30
 *(.comment)
 .comment       0x00000000       0x30 APP/app.o
                                 0x31 (size before relaxing)
 .comment       0x00000030       0x31 HAL/hextInt/HExtInt.o
 .comment       0x00000030       0x31 HAL/hlcd/hlcd_Configure.o
 .comment       0x00000030       0x31 HAL/hlcd/hlcd_Source.o
 .comment       0x00000030       0x31 HAL/keypad/keypad.o
 .comment       0x00000030       0x31 HAL/timer_manager/timer_manager.o
 .comment       0x00000030       0x31 HAL/Ultrasonic/ultrasonic.o
 .comment       0x00000030       0x31 main.o
 .comment       0x00000030       0x31 MCAL/dio/dio.o
 .comment       0x00000030       0x31 MCAL/ExtInt/EXTINT_Source.o
 .comment       0x00000030       0x31 MCAL/timer/timer.o

.note.gnu.avr.deviceinfo
                0x00000000       0x3c
 .note.gnu.avr.deviceinfo
                0x00000000       0x3c C:/Program Files (x86)/Atmel/Studio/7.0/Packs/atmel/ATmega_DFP/1.6.364/gcc/dev/atmega32/avr5/crtatmega32.o

.note.gnu.build-id
 *(.note.gnu.build-id)

.debug
 *(.debug)

.line
 *(.line)

.debug_srcinfo
 *(.debug_srcinfo)

.debug_sfnames
 *(.debug_sfnames)

.debug_aranges  0x00000000      0x318
 *(.debug_aranges)
 .debug_aranges
                0x00000000       0x40 APP/app.o
 .debug_aranges
                0x00000040       0x40 HAL/hextInt/HExtInt.o
 .debug_aranges
                0x00000080       0x18 HAL/hlcd/hlcd_Configure.o
 .debug_aranges
                0x00000098       0x68 HAL/hlcd/hlcd_Source.o
 .debug_aranges
                0x00000100       0x28 HAL/keypad/keypad.o
 .debug_aranges
                0x00000128       0x38 HAL/timer_manager/timer_manager.o
 .debug_aranges
                0x00000160       0x50 HAL/Ultrasonic/ultrasonic.o
 .debug_aranges
                0x000001b0       0x20 main.o
 .debug_aranges
                0x000001d0       0x30 MCAL/dio/dio.o
 .debug_aranges
                0x00000200       0x68 MCAL/ExtInt/EXTINT_Source.o
 .debug_aranges
                0x00000268       0xb0 MCAL/timer/timer.o

.debug_pubnames
 *(.debug_pubnames)

.debug_info     0x00000000     0x3574
 *(.debug_info .gnu.linkonce.wi.*)
 .debug_info    0x00000000      0x4e6 C:/Program Files (x86)/Atmel/Studio/7.0/Packs/atmel/ATmega_DFP/1.6.364/gcc/dev/atmega32/avr5/crtatmega32.o
 .debug_info    0x000004e6      0x775 APP/app.o
 .debug_info    0x00000c5b      0x370 HAL/hextInt/HExtInt.o
 .debug_info    0x00000fcb      0x121 HAL/hlcd/hlcd_Configure.o
 .debug_info    0x000010ec      0xd35 HAL/hlcd/hlcd_Source.o
 .debug_info    0x00001e21      0x3a4 HAL/keypad/keypad.o
 .debug_info    0x000021c5      0x29d HAL/timer_manager/timer_manager.o
 .debug_info    0x00002462      0x5bb HAL/Ultrasonic/ultrasonic.o
 .debug_info    0x00002a1d       0x84 main.o
 .debug_info    0x00002aa1      0x208 MCAL/dio/dio.o
 .debug_info    0x00002ca9      0x286 MCAL/ExtInt/EXTINT_Source.o
 .debug_info    0x00002f2f      0x645 MCAL/timer/timer.o

.debug_abbrev   0x00000000     0x12fa
 *(.debug_abbrev)
 .debug_abbrev  0x00000000      0x4a3 C:/Program Files (x86)/Atmel/Studio/7.0/Packs/atmel/ATmega_DFP/1.6.364/gcc/dev/atmega32/avr5/crtatmega32.o
 .debug_abbrev  0x000004a3      0x19b APP/app.o
 .debug_abbrev  0x0000063e      0x138 HAL/hextInt/HExtInt.o
 .debug_abbrev  0x00000776       0x81 HAL/hlcd/hlcd_Configure.o
 .debug_abbrev  0x000007f7      0x30c HAL/hlcd/hlcd_Source.o
 .debug_abbrev  0x00000b03      0x125 HAL/keypad/keypad.o
 .debug_abbrev  0x00000c28       0xf1 HAL/timer_manager/timer_manager.o
 .debug_abbrev  0x00000d19      0x1de HAL/Ultrasonic/ultrasonic.o
 .debug_abbrev  0x00000ef7       0x68 main.o
 .debug_abbrev  0x00000f5f       0xa5 MCAL/dio/dio.o
 .debug_abbrev  0x00001004      0x105 MCAL/ExtInt/EXTINT_Source.o
 .debug_abbrev  0x00001109      0x1f1 MCAL/timer/timer.o

.debug_line     0x00000000     0x225f
 *(.debug_line .debug_line.* .debug_line_end)
 .debug_line    0x00000000      0x116 C:/Program Files (x86)/Atmel/Studio/7.0/Packs/atmel/ATmega_DFP/1.6.364/gcc/dev/atmega32/avr5/crtatmega32.o
 .debug_line    0x00000116      0x43d APP/app.o
 .debug_line    0x00000553      0x194 HAL/hextInt/HExtInt.o
 .debug_line    0x000006e7       0x78 HAL/hlcd/hlcd_Configure.o
 .debug_line    0x0000075f      0x55e HAL/hlcd/hlcd_Source.o
 .debug_line    0x00000cbd      0x1d1 HAL/keypad/keypad.o
 .debug_line    0x00000e8e      0x1b5 HAL/timer_manager/timer_manager.o
 .debug_line    0x00001043      0x339 HAL/Ultrasonic/ultrasonic.o
 .debug_line    0x0000137c       0x5b main.o
 .debug_line    0x000013d7      0x239 MCAL/dio/dio.o
 .debug_line    0x00001610      0x2db MCAL/ExtInt/EXTINT_Source.o
 .debug_line    0x000018eb      0x974 MCAL/timer/timer.o

.debug_frame    0x00000000      0x794
 *(.debug_frame)
 .debug_frame   0x00000000       0x64 APP/app.o
 .debug_frame   0x00000064       0x70 HAL/hextInt/HExtInt.o
 .debug_frame   0x000000d4      0x134 HAL/hlcd/hlcd_Source.o
 .debug_frame   0x00000208       0x6c HAL/keypad/keypad.o
 .debug_frame   0x00000274       0x64 HAL/timer_manager/timer_manager.o
 .debug_frame   0x000002d8       0x84 HAL/Ultrasonic/ultrasonic.o
 .debug_frame   0x0000035c       0x24 main.o
 .debug_frame   0x00000380       0x44 MCAL/dio/dio.o
 .debug_frame   0x000003c4      0x18c MCAL/ExtInt/EXTINT_Source.o
 .debug_frame   0x00000550      0x244 MCAL/timer/timer.o

.debug_str      0x00000000     0x1089
 *(.debug_str)
 .debug_str     0x00000000      0x196 C:/Program Files (x86)/Atmel/Studio/7.0/Packs/atmel/ATmega_DFP/1.6.364/gcc/dev/atmega32/avr5/crtatmega32.o
 .debug_str     0x00000196      0x5fa APP/app.o
                                0x63c (size before relaxing)
 .debug_str     0x00000790      0x14c HAL/hextInt/HExtInt.o
                                0x3b6 (size before relaxing)
 .debug_str     0x000008dc       0x44 HAL/hlcd/hlcd_Configure.o
                                0x200 (size before relaxing)
 .debug_str     0x00000920      0x11d HAL/hlcd/hlcd_Source.o
                                0x42f (size before relaxing)
 .debug_str     0x00000a3d       0x61 HAL/keypad/keypad.o
                                0x2c7 (size before relaxing)
 .debug_str     0x00000a9e       0xa4 HAL/timer_manager/timer_manager.o
                                0x30b (size before relaxing)
 .debug_str     0x00000b42      0x2a6 HAL/Ultrasonic/ultrasonic.o
                                0x5ee (size before relaxing)
 .debug_str     0x00000de8       0x11 main.o
                                0x13b (size before relaxing)
 .debug_str     0x00000df9       0x37 MCAL/dio/dio.o
                                0x274 (size before relaxing)
 .debug_str     0x00000e30       0x9a MCAL/ExtInt/EXTINT_Source.o
                                0x356 (size before relaxing)
 .debug_str     0x00000eca      0x1bf MCAL/timer/timer.o
                                0x603 (size before relaxing)

.debug_loc      0x00000000     0x237e
 *(.debug_loc)
 .debug_loc     0x00000000       0x48 APP/app.o
 .debug_loc     0x00000048      0x14d HAL/hextInt/HExtInt.o
 .debug_loc     0x00000195      0xbf1 HAL/hlcd/hlcd_Source.o
 .debug_loc     0x00000d86      0x1c7 HAL/keypad/keypad.o
 .debug_loc     0x00000f4d      0x2e5 HAL/timer_manager/timer_manager.o
 .debug_loc     0x00001232       0x91 HAL/Ultrasonic/ultrasonic.o
 .debug_loc     0x000012c3      0x2b5 MCAL/dio/dio.o
 .debug_loc     0x00001578      0x446 MCAL/ExtInt/EXTINT_Source.o
 .debug_loc     0x000019be      0x9c0 MCAL/timer/timer.o

.debug_macinfo
 *(.debug_macinfo)

.debug_weaknames
 *(.debug_weaknames)

.debug_funcnames
 *(.debug_funcnames)

.debug_typenames
 *(.debug_typenames)

.debug_varnames
 *(.debug_varnames)

.debug_pubtypes
 *(.debug_pubtypes)

.debug_ranges   0x00000000      0x278
 *(.debug_ranges)
 .debug_ranges  0x00000000       0x30 APP/app.o
 .debug_ranges  0x00000030       0x30 HAL/hextInt/HExtInt.o
 .debug_ranges  0x00000060       0x70 HAL/hlcd/hlcd_Source.o
 .debug_ranges  0x000000d0       0x18 HAL/keypad/keypad.o
 .debug_ranges  0x000000e8       0x28 HAL/timer_manager/timer_manager.o
 .debug_ranges  0x00000110       0x40 HAL/Ultrasonic/ultrasonic.o
 .debug_ranges  0x00000150       0x10 main.o
 .debug_ranges  0x00000160       0x20 MCAL/dio/dio.o
 .debug_ranges  0x00000180       0x58 MCAL/ExtInt/EXTINT_Source.o
 .debug_ranges  0x000001d8       0xa0 MCAL/timer/timer.o

.debug_macro
 *(.debug_macro)
OUTPUT(Obstacal avoiding car.elf elf32-avr)
LOAD linker stubs
